Component: Arm Compiler for Embedded 6.18 Tool: armlink [5e4cc100]

==============================================================================

Section Cross References

    startup_stm32f103xb.o(RESET) refers to startup_stm32f103xb.o(STACK) for __initial_sp
    startup_stm32f103xb.o(RESET) refers to startup_stm32f103xb.o(.text) for Reset_Handler
    startup_stm32f103xb.o(RESET) refers to stm32f1xx_it.o(.text.NMI_Handler) for NMI_Handler
    startup_stm32f103xb.o(RESET) refers to stm32f1xx_it.o(.text.HardFault_Handler) for HardFault_Handler
    startup_stm32f103xb.o(RESET) refers to stm32f1xx_it.o(.text.MemManage_Handler) for MemManage_Handler
    startup_stm32f103xb.o(RESET) refers to stm32f1xx_it.o(.text.BusFault_Handler) for BusFault_Handler
    startup_stm32f103xb.o(RESET) refers to stm32f1xx_it.o(.text.UsageFault_Handler) for UsageFault_Handler
    startup_stm32f103xb.o(RESET) refers to stm32f1xx_it.o(.text.SVC_Handler) for SVC_Handler
    startup_stm32f103xb.o(RESET) refers to stm32f1xx_it.o(.text.DebugMon_Handler) for DebugMon_Handler
    startup_stm32f103xb.o(RESET) refers to stm32f1xx_it.o(.text.PendSV_Handler) for PendSV_Handler
    startup_stm32f103xb.o(RESET) refers to stm32f1xx_it.o(.text.SysTick_Handler) for SysTick_Handler
    startup_stm32f103xb.o(RESET) refers to stm32f1xx_it.o(.text.DMA1_Channel1_IRQHandler) for DMA1_Channel1_IRQHandler
    startup_stm32f103xb.o(RESET) refers to stm32f1xx_it.o(.text.USB_LP_CAN1_RX0_IRQHandler) for USB_LP_CAN1_RX0_IRQHandler
    startup_stm32f103xb.o(.text) refers to system_stm32f1xx.o(.text.SystemInit) for SystemInit
    startup_stm32f103xb.o(.text) refers to entry.o(.ARM.Collect$$$$00000000) for __main
    main.o(.text.fputc) refers to usart.o(.bss.huart1) for huart1
    main.o(.text.fputc) refers to stm32f1xx_hal_uart.o(.text.HAL_UART_Transmit) for HAL_UART_Transmit
    main.o(.ARM.exidx.text.fputc) refers to main.o(.text.fputc) for [Anonymous Symbol]
    main.o(.text.fgetc) refers to usart.o(.bss.huart1) for huart1
    main.o(.text.fgetc) refers to stm32f1xx_hal_uart.o(.text.HAL_UART_Receive) for HAL_UART_Receive
    main.o(.ARM.exidx.text.fgetc) refers to main.o(.text.fgetc) for [Anonymous Symbol]
    main.o(.text.keyscan) refers to stm32f1xx_hal_gpio.o(.text.HAL_GPIO_ReadPin) for HAL_GPIO_ReadPin
    main.o(.text.keyscan) refers to main.o(.data.keyboard) for keyboard
    main.o(.text.keyscan) refers to main.o(.bss..L_MergedGlobals) for .L_MergedGlobals
    main.o(.ARM.exidx.text.keyscan) refers to main.o(.text.keyscan) for [Anonymous Symbol]
    main.o(.text.main) refers to stm32f1xx_hal.o(.text.HAL_Init) for HAL_Init
    main.o(.text.main) refers to stm32f1xx_hal_rcc.o(.text.HAL_RCC_OscConfig) for HAL_RCC_OscConfig
    main.o(.text.main) refers to stm32f1xx_hal_rcc.o(.text.HAL_RCC_ClockConfig) for HAL_RCC_ClockConfig
    main.o(.text.main) refers to stm32f1xx_hal_rcc_ex.o(.text.HAL_RCCEx_PeriphCLKConfig) for HAL_RCCEx_PeriphCLKConfig
    main.o(.text.main) refers to gpio.o(.text.MX_GPIO_Init) for MX_GPIO_Init
    main.o(.text.main) refers to dma.o(.text.MX_DMA_Init) for MX_DMA_Init
    main.o(.text.main) refers to usb_device.o(.text.MX_USB_DEVICE_Init) for MX_USB_DEVICE_Init
    main.o(.text.main) refers to adc.o(.text.MX_ADC1_Init) for MX_ADC1_Init
    main.o(.text.main) refers to usart.o(.text.MX_USART1_UART_Init) for MX_USART1_UART_Init
    main.o(.text.main) refers to main.o(.bss..L_MergedGlobals) for .L_MergedGlobals
    main.o(.text.main) refers to main.o(.data.keyboard) for keyboard
    main.o(.text.main) refers to usb_device.o(.bss.hUsbDeviceFS) for hUsbDeviceFS
    main.o(.text.main) refers to adc.o(.bss.hadc1) for hadc1
    main.o(.text.main) refers to stm32f1xx_hal.o(.text.HAL_Delay) for HAL_Delay
    main.o(.text.main) refers to usbd_hid.o(.text.USBD_HID_SendReport) for USBD_HID_SendReport
    main.o(.text.main) refers to stm32f1xx_hal_adc.o(.text.HAL_ADC_Start) for HAL_ADC_Start
    main.o(.text.main) refers to stm32f1xx_hal_adc.o(.text.HAL_ADC_PollForConversion) for HAL_ADC_PollForConversion
    main.o(.text.main) refers to stm32f1xx_hal_adc.o(.text.HAL_ADC_GetValue) for HAL_ADC_GetValue
    main.o(.text.main) refers to stm32f1xx_hal_gpio.o(.text.HAL_GPIO_ReadPin) for HAL_GPIO_ReadPin
    main.o(.ARM.exidx.text.main) refers to main.o(.text.main) for [Anonymous Symbol]
    main.o(.text.SystemClock_Config) refers to stm32f1xx_hal_rcc.o(.text.HAL_RCC_OscConfig) for HAL_RCC_OscConfig
    main.o(.text.SystemClock_Config) refers to stm32f1xx_hal_rcc.o(.text.HAL_RCC_ClockConfig) for HAL_RCC_ClockConfig
    main.o(.text.SystemClock_Config) refers to stm32f1xx_hal_rcc_ex.o(.text.HAL_RCCEx_PeriphCLKConfig) for HAL_RCCEx_PeriphCLKConfig
    main.o(.ARM.exidx.text.SystemClock_Config) refers to main.o(.text.SystemClock_Config) for [Anonymous Symbol]
    main.o(.ARM.exidx.text.Error_Handler) refers to main.o(.text.Error_Handler) for [Anonymous Symbol]
[...]
    Removing stm32f1xx_hal_uart.o(.ARM.exidx.text.HAL_UART_AbortReceive), (8 bytes).
    Removing stm32f1xx_hal_uart.o(.text.HAL_UART_Abort_IT), (520 bytes).
    Removing stm32f1xx_hal_uart.o(.ARM.exidx.text.HAL_UART_Abort_IT), (8 bytes).
    Removing stm32f1xx_hal_uart.o(.text.UART_DMATxAbortCallback), (42 bytes).
    Removing stm32f1xx_hal_uart.o(.ARM.exidx.text.UART_DMATxAbortCallback), (8 bytes).
    Removing stm32f1xx_hal_uart.o(.text.UART_DMARxAbortCallback), (42 bytes).
    Removing stm32f1xx_hal_uart.o(.ARM.exidx.text.UART_DMARxAbortCallback), (8 bytes).
    Removing stm32f1xx_hal_uart.o(.text.HAL_UART_AbortCpltCallback), (2 bytes).
    Removing stm32f1xx_hal_uart.o(.ARM.exidx.text.HAL_UART_AbortCpltCallback), (8 bytes).
    Removing stm32f1xx_hal_uart.o(.text.HAL_UART_AbortTransmit_IT), (236 bytes).
    Removing stm32f1xx_hal_uart.o(.ARM.exidx.text.HAL_UART_AbortTransmit_IT), (8 bytes).
    Removing stm32f1xx_hal_uart.o(.text.UART_DMATxOnlyAbortCallback), (16 bytes).
    Removing stm32f1xx_hal_uart.o(.ARM.exidx.text.UART_DMATxOnlyAbortCallback), (8 bytes).
    Removing stm32f1xx_hal_uart.o(.text.HAL_UART_AbortTransmitCpltCallback), (2 bytes).
    Removing stm32f1xx_hal_uart.o(.ARM.exidx.text.HAL_UART_AbortTransmitCpltCallback), (8 bytes).
    Removing stm32f1xx_hal_uart.o(.text.HAL_UART_AbortReceive_IT), (394 bytes).
    Removing stm32f1xx_hal_uart.o(.ARM.exidx.text.HAL_UART_AbortReceive_IT), (8 bytes).
    Removing stm32f1xx_hal_uart.o(.text.UART_DMARxOnlyAbortCallback), (18 bytes).
    Removing stm32f1xx_hal_uart.o(.ARM.exidx.text.UART_DMARxOnlyAbortCallback), (8 bytes).
    Removing stm32f1xx_hal_uart.o(.text.HAL_UART_AbortReceiveCpltCallback), (2 bytes).
    Removing stm32f1xx_hal_uart.o(.ARM.exidx.text.HAL_UART_AbortReceiveCpltCallback), (8 bytes).
    Removing stm32f1xx_hal_uart.o(.text.HAL_UART_IRQHandler), (1380 bytes).
    Removing stm32f1xx_hal_uart.o(.ARM.exidx.text.HAL_UART_IRQHandler), (8 bytes).
    Removing stm32f1xx_hal_uart.o(.text.UART_Receive_IT), (254 bytes).
    Removing stm32f1xx_hal_uart.o(.ARM.exidx.text.UART_Receive_IT), (8 bytes).
    Removing stm32f1xx_hal_uart.o(.text.UART_DMAAbortOnError), (12 bytes).
    Removing stm32f1xx_hal_uart.o(.ARM.exidx.text.UART_DMAAbortOnError), (8 bytes).
    Removing stm32f1xx_hal_uart.o(.text.HAL_UART_ErrorCallback), (2 bytes).
    Removing stm32f1xx_hal_uart.o(.ARM.exidx.text.HAL_UART_ErrorCallback), (8 bytes).
    Removing stm32f1xx_hal_uart.o(.text.HAL_UARTEx_RxEventCallback), (2 bytes).
    Removing stm32f1xx_hal_uart.o(.ARM.exidx.text.HAL_UARTEx_RxEventCallback), (8 bytes).
    Removing stm32f1xx_hal_uart.o(.text.HAL_UART_TxCpltCallback), (2 bytes).
    Removing stm32f1xx_hal_uart.o(.ARM.exidx.text.HAL_UART_TxCpltCallback), (8 bytes).
    Removing stm32f1xx_hal_uart.o(.text.HAL_UART_TxHalfCpltCallback), (2 bytes).
    Removing stm32f1xx_hal_uart.o(.ARM.exidx.text.HAL_UART_TxHalfCpltCallback), (8 bytes).
    Removing stm32f1xx_hal_uart.o(.text.HAL_UART_RxCpltCallback), (2 bytes).
    Removing stm32f1xx_hal_uart.o(.ARM.exidx.text.HAL_UART_RxCpltCallback), (8 bytes).
    Removing stm32f1xx_hal_uart.o(.text.HAL_UART_RxHalfCpltCallback), (2 bytes).
    Removing stm32f1xx_hal_uart.o(.ARM.exidx.text.HAL_UART_RxHalfCpltCallback), (8 bytes).
    Removing stm32f1xx_hal_uart.o(.text.HAL_LIN_SendBreak), (114 bytes).
    Removing stm32f1xx_hal_uart.o(.ARM.exidx.text.HAL_LIN_SendBreak), (8 bytes).
    Removing stm32f1xx_hal_uart.o(.text.HAL_MultiProcessor_EnterMuteMode), (116 bytes).
    Removing stm32f1xx_hal_uart.o(.ARM.exidx.text.HAL_MultiProcessor_EnterMuteMode), (8 bytes).
    Removing stm32f1xx_hal_uart.o(.text.HAL_MultiProcessor_ExitMuteMode), (116 bytes).
    Removing stm32f1xx_hal_uart.o(.ARM.exidx.text.HAL_MultiProcessor_ExitMuteMode), (8 bytes).
    Removing stm32f1xx_hal_uart.o(.text.HAL_HalfDuplex_EnableTransmitter), (44 bytes).
    Removing stm32f1xx_hal_uart.o(.ARM.exidx.text.HAL_HalfDuplex_EnableTransmitter), (8 bytes).
    Removing stm32f1xx_hal_uart.o(.text.HAL_HalfDuplex_EnableReceiver), (46 bytes).
    Removing stm32f1xx_hal_uart.o(.ARM.exidx.text.HAL_HalfDuplex_EnableReceiver), (8 bytes).
    Removing stm32f1xx_hal_uart.o(.text.HAL_UART_GetState), (14 bytes).
    Removing stm32f1xx_hal_uart.o(.ARM.exidx.text.HAL_UART_GetState), (8 bytes).
    Removing stm32f1xx_hal_uart.o(.text.HAL_UART_GetError), (4 bytes).
    Removing stm32f1xx_hal_uart.o(.ARM.exidx.text.HAL_UART_GetError), (8 bytes).
    Removing stm32f1xx_hal_uart.o(.text.UART_DMAReceiveCplt), (350 bytes).
    Removing stm32f1xx_hal_uart.o(.ARM.exidx.text.UART_DMAReceiveCplt), (8 bytes).
    Removing stm32f1xx_hal_uart.o(.text.UART_DMARxHalfCplt), (24 bytes).
    Removing stm32f1xx_hal_uart.o(.ARM.exidx.text.UART_DMARxHalfCplt), (8 bytes).
    Removing system_stm32f1xx.o(.text), (0 bytes).
    Removing system_stm32f1xx.o(.ARM.exidx.text.SystemInit), (8 bytes).
    Removing system_stm32f1xx.o(.text.SystemCoreClockUpdate), (112 bytes).
    Removing system_stm32f1xx.o(.ARM.exidx.text.SystemCoreClockUpdate), (8 bytes).
    Removing usb_device.o(.text), (0 bytes).
    Removing usb_device.o(.ARM.exidx.text.MX_USB_DEVICE_Init), (8 bytes).
    Removing usbd_desc.o(.text), (0 bytes).
    Removing usbd_desc.o(.ARM.exidx.text.USBD_FS_DeviceDescriptor), (8 bytes).
    Removing usbd_desc.o(.ARM.exidx.text.USBD_FS_LangIDStrDescriptor), (8 bytes).
    Removing usbd_desc.o(.ARM.exidx.text.USBD_FS_ManufacturerStrDescriptor), (8 bytes).
    Removing usbd_desc.o(.ARM.exidx.text.USBD_FS_ProductStrDescriptor), (8 bytes).
    Removing usbd_desc.o(.ARM.exidx.text.USBD_FS_SerialStrDescriptor), (8 bytes).
    Removing usbd_desc.o(.ARM.exidx.text.USBD_FS_ConfigStrDescriptor), (8 bytes).
    Removing usbd_desc.o(.ARM.exidx.text.USBD_FS_InterfaceStrDescriptor), (8 bytes).
    Removing usbd_conf.o(.text), (0 bytes).
    Removing usbd_conf.o(.ARM.exidx.text.HAL_PCD_MspInit), (8 bytes).
    Removing usbd_conf.o(.text.HAL_PCD_MspDeInit), (38 bytes).
    Removing usbd_conf.o(.ARM.exidx.text.HAL_PCD_MspDeInit), (8 bytes).
    Removing usbd_conf.o(.ARM.exidx.text.HAL_PCD_SetupStageCallback), (8 bytes).
    Removing usbd_conf.o(.ARM.exidx.text.HAL_PCD_DataOutStageCallback), (8 bytes).
    Removing usbd_conf.o(.ARM.exidx.text.HAL_PCD_DataInStageCallback), (8 bytes).
    Removing usbd_conf.o(.ARM.exidx.text.HAL_PCD_SOFCallback), (8 bytes).
    Removing usbd_conf.o(.ARM.exidx.text.HAL_PCD_ResetCallback), (8 bytes).
    Removing usbd_conf.o(.ARM.exidx.text.HAL_PCD_SuspendCallback), (8 bytes).
    Removing usbd_conf.o(.ARM.exidx.text.HAL_PCD_ResumeCallback), (8 bytes).
    Removing usbd_conf.o(.text.HAL_PCD_ISOOUTIncompleteCallback), (8 bytes).
    Removing usbd_conf.o(.ARM.exidx.text.HAL_PCD_ISOOUTIncompleteCallback), (8 bytes).
    Removing usbd_conf.o(.text.HAL_PCD_ISOINIncompleteCallback), (8 bytes).
    Removing usbd_conf.o(.ARM.exidx.text.HAL_PCD_ISOINIncompleteCallback), (8 bytes).
    Removing usbd_conf.o(.text.HAL_PCD_ConnectCallback), (8 bytes).
    Removing usbd_conf.o(.ARM.exidx.text.HAL_PCD_ConnectCallback), (8 bytes).
    Removing usbd_conf.o(.text.HAL_PCD_DisconnectCallback), (8 bytes).
    Removing usbd_conf.o(.ARM.exidx.text.HAL_PCD_DisconnectCallback), (8 bytes).
    Removing usbd_conf.o(.ARM.exidx.text.USBD_LL_Init), (8 bytes).
    Removing usbd_conf.o(.text.USBD_LL_DeInit), (34 bytes).
    Removing usbd_conf.o(.ARM.exidx.text.USBD_LL_DeInit), (8 bytes).
    Removing usbd_conf.o(.ARM.exidx.text.USBD_LL_Start), (8 bytes).
    Removing usbd_conf.o(.text.USBD_LL_Stop), (34 bytes).
    Removing usbd_conf.o(.ARM.exidx.text.USBD_LL_Stop), (8 bytes).
    Removing usbd_conf.o(.ARM.exidx.text.USBD_LL_OpenEP), (8 bytes).
    Removing usbd_conf.o(.ARM.exidx.text.USBD_LL_CloseEP), (8 bytes).
    Removing usbd_conf.o(.text.USBD_LL_FlushEP), (34 bytes).
    Removing usbd_conf.o(.ARM.exidx.text.USBD_LL_FlushEP), (8 bytes).
    Removing usbd_conf.o(.ARM.exidx.text.USBD_LL_StallEP), (8 bytes).
    Removing usbd_conf.o(.ARM.exidx.text.USBD_LL_ClearStallEP), (8 bytes).
    Removing usbd_conf.o(.ARM.exidx.text.USBD_LL_IsStallEP), (8 bytes).
    Removing usbd_conf.o(.ARM.exidx.text.USBD_LL_SetUSBAddress), (8 bytes).
    Removing usbd_conf.o(.ARM.exidx.text.USBD_LL_Transmit), (8 bytes).
    Removing usbd_conf.o(.ARM.exidx.text.USBD_LL_PrepareReceive), (8 bytes).
    Removing usbd_conf.o(.text.USBD_LL_GetRxDataSize), (8 bytes).
    Removing usbd_conf.o(.ARM.exidx.text.USBD_LL_GetRxDataSize), (8 bytes).
    Removing usbd_conf.o(.text.USBD_LL_Delay), (4 bytes).
    Removing usbd_conf.o(.ARM.exidx.text.USBD_LL_Delay), (8 bytes).
    Removing usbd_conf.o(.ARM.exidx.text.USBD_static_malloc), (8 bytes).
    Removing usbd_conf.o(.ARM.exidx.text.USBD_static_free), (8 bytes).
    Removing usbd_conf.o(.ARM.exidx.text.HAL_PCDEx_SetConnectionState), (8 bytes).
    Removing usbd_core.o(.text), (0 bytes).
    Removing usbd_core.o(.ARM.exidx.text.USBD_Init), (8 bytes).
    Removing usbd_core.o(.text.USBD_DeInit), (38 bytes).
    Removing usbd_core.o(.ARM.exidx.text.USBD_DeInit), (8 bytes).
    Removing usbd_core.o(.ARM.exidx.text.USBD_RegisterClass), (8 bytes).
    Removing usbd_core.o(.ARM.exidx.text.USBD_Start), (8 bytes).
    Removing usbd_core.o(.text.USBD_Stop), (26 bytes).
    Removing usbd_core.o(.ARM.exidx.text.USBD_Stop), (8 bytes).
    Removing usbd_core.o(.text.USBD_RunTestMode), (4 bytes).
    Removing usbd_core.o(.ARM.exidx.text.USBD_RunTestMode), (8 bytes).
    Removing usbd_core.o(.ARM.exidx.text.USBD_SetClassConfig), (8 bytes).
    Removing usbd_core.o(.ARM.exidx.text.USBD_ClrClassConfig), (8 bytes).
    Removing usbd_core.o(.ARM.exidx.text.USBD_LL_SetupStage), (8 bytes).
    Removing usbd_core.o(.ARM.exidx.text.USBD_LL_DataOutStage), (8 bytes).
    Removing usbd_core.o(.ARM.exidx.text.USBD_LL_DataInStage), (8 bytes).
    Removing usbd_core.o(.ARM.exidx.text.USBD_LL_Reset), (8 bytes).
    Removing usbd_core.o(.ARM.exidx.text.USBD_LL_SetSpeed), (8 bytes).
    Removing usbd_core.o(.ARM.exidx.text.USBD_LL_Suspend), (8 bytes).
    Removing usbd_core.o(.ARM.exidx.text.USBD_LL_Resume), (8 bytes).
    Removing usbd_core.o(.ARM.exidx.text.USBD_LL_SOF), (8 bytes).
    Removing usbd_core.o(.text.USBD_LL_IsoINIncomplete), (4 bytes).
    Removing usbd_core.o(.ARM.exidx.text.USBD_LL_IsoINIncomplete), (8 bytes).
    Removing usbd_core.o(.text.USBD_LL_IsoOUTIncomplete), (4 bytes).
    Removing usbd_core.o(.ARM.exidx.text.USBD_LL_IsoOUTIncomplete), (8 bytes).
    Removing usbd_core.o(.text.USBD_LL_DevConnected), (4 bytes).
    Removing usbd_core.o(.ARM.exidx.text.USBD_LL_DevConnected), (8 bytes).
    Removing usbd_core.o(.text.USBD_LL_DevDisconnected), (22 bytes).
    Removing usbd_core.o(.ARM.exidx.text.USBD_LL_DevDisconnected), (8 bytes).
    Removing usbd_ctlreq.o(.text), (0 bytes).
    Removing usbd_ctlreq.o(.ARM.exidx.text.USBD_StdDevReq), (8 bytes).
    Removing usbd_ctlreq.o(.ARM.exidx.text.USBD_CtlError), (8 bytes).
    Removing usbd_ctlreq.o(.ARM.exidx.text.USBD_StdItfReq), (8 bytes).
    Removing usbd_ctlreq.o(.ARM.exidx.text.USBD_StdEPReq), (8 bytes).
    Removing usbd_ctlreq.o(.ARM.exidx.text.USBD_ParseSetupRequest), (8 bytes).
    Removing usbd_ctlreq.o(.ARM.exidx.text.USBD_GetString), (8 bytes).
    Removing usbd_ioreq.o(.text), (0 bytes).
    Removing usbd_ioreq.o(.ARM.exidx.text.USBD_CtlSendData), (8 bytes).
    Removing usbd_ioreq.o(.ARM.exidx.text.USBD_CtlContinueSendData), (8 bytes).
    Removing usbd_ioreq.o(.text.USBD_CtlPrepareRx), (26 bytes).
    Removing usbd_ioreq.o(.ARM.exidx.text.USBD_CtlPrepareRx), (8 bytes).
    Removing usbd_ioreq.o(.ARM.exidx.text.USBD_CtlContinueRx), (8 bytes).
    Removing usbd_ioreq.o(.ARM.exidx.text.USBD_CtlSendStatus), (8 bytes).
    Removing usbd_ioreq.o(.ARM.exidx.text.USBD_CtlReceiveStatus), (8 bytes).
    Removing usbd_ioreq.o(.text.USBD_GetRxCount), (4 bytes).
    Removing usbd_ioreq.o(.ARM.exidx.text.USBD_GetRxCount), (8 bytes).
    Removing usbd_hid.o(.text), (0 bytes).
    Removing usbd_hid.o(.ARM.exidx.text.USBD_HID_Init), (8 bytes).
    Removing usbd_hid.o(.ARM.exidx.text.USBD_HID_DeInit), (8 bytes).
    Removing usbd_hid.o(.ARM.exidx.text.USBD_HID_Setup), (8 bytes).
    Removing usbd_hid.o(.ARM.exidx.text.USBD_HID_DataIn), (8 bytes).
    Removing usbd_hid.o(.ARM.exidx.text.USBD_HID_GetHSCfgDesc), (8 bytes).
    Removing usbd_hid.o(.ARM.exidx.text.USBD_HID_GetFSCfgDesc), (8 bytes).
    Removing usbd_hid.o(.ARM.exidx.text.USBD_HID_GetOtherSpeedCfgDesc), (8 bytes).
    Removing usbd_hid.o(.ARM.exidx.text.USBD_HID_GetDeviceQualifierDesc), (8 bytes).
    Removing usbd_hid.o(.ARM.exidx.text.USBD_HID_SendReport), (8 bytes).
    Removing usbd_hid.o(.text.USBD_HID_GetPollingInterval), (12 bytes).
    Removing usbd_hid.o(.ARM.exidx.text.USBD_HID_GetPollingInterval), (8 bytes).

700 unused section(s) (total 31870 bytes) removed from the image.

==============================================================================

Image Symbol Table

    Local Symbols

    Symbol Name                              Value     Ov Type        Size  Object(Section)

    ../clib/../cmprslib/zerorunl2.c          0x00000000   Number         0  __dczerorl2.o ABSOLUTE
    ../clib/microlib/init/entry.s            0x00000000   Number         0  entry.o ABSOLUTE
    ../clib/microlib/init/entry.s            0x00000000   Number         0  entry2.o ABSOLUTE
    ../clib/microlib/init/entry.s            0x00000000   Number         0  entry5.o ABSOLUTE
    ../clib/microlib/init/entry.s            0x00000000   Number         0  entry7a.o ABSOLUTE
    ../clib/microlib/init/entry.s            0x00000000   Number         0  entry7b.o ABSOLUTE
    ../clib/microlib/init/entry.s            0x00000000   Number         0  entry8a.o ABSOLUTE
    ../clib/microlib/init/entry.s            0x00000000   Number         0  entry8b.o ABSOLUTE
    ../clib/microlib/init/entry.s            0x00000000   Number         0  entry9a.o ABSOLUTE
    ../clib/microlib/init/entry.s            0x00000000   Number         0  entry9b.o ABSOLUTE
    ../clib/microlib/init/entry.s            0x00000000   Number         0  entry10a.o ABSOLUTE
    ../clib/microlib/init/entry.s            0x00000000   Number         0  entry10b.o ABSOLUTE
    ../clib/microlib/init/entry.s            0x00000000   Number         0  entry11a.o ABSOLUTE
    ../clib/microlib/init/entry.s            0x00000000   Number         0  entry11b.o ABSOLUTE
    ../clib/microlib/string/memset.c         0x00000000   Number         0  memseta.o ABSOLUTE
    adc.c                                    0x00000000   Number         0  adc.o ABSOLUTE
    dc.s                                     0x00000000   Number         0  dc.o ABSOLUTE
    dma.c                                    0x00000000   Number         0  dma.o ABSOLUTE
    gpio.c                                   0x00000000   Number         0  gpio.o ABSOLUTE
    handlers.s                               0x00000000   Number         0  handlers.o ABSOLUTE
    init.s                                   0x00000000   Number         0  init.o ABSOLUTE
    main.c                                   0x00000000   Number         0  main.o ABSOLUTE
    startup_stm32f103xb.s                    0x00000000   Number         0  startup_stm32f103xb.o ABSOLUTE
    stm32f1xx_hal.c                          0x00000000   Number         0  stm32f1xx_hal.o ABSOLUTE
    stm32f1xx_hal_adc.c                      0x00000000   Number         0  stm32f1xx_hal_adc.o ABSOLUTE
    stm32f1xx_hal_adc_ex.c                   0x00000000   Number         0  stm32f1xx_hal_adc_ex.o ABSOLUTE
    stm32f1xx_hal_cortex.c                   0x00000000   Number         0  stm32f1xx_hal_cortex.o ABSOLUTE
    stm32f1xx_hal_dma.c                      0x00000000   Number         0  stm32f1xx_hal_dma.o ABSOLUTE
    stm32f1xx_hal_exti.c                     0x00000000   Number         0  stm32f1xx_hal_exti.o ABSOLUTE
    stm32f1xx_hal_flash.c                    0x00000000   Number         0  stm32f1xx_hal_flash.o ABSOLUTE
    stm32f1xx_hal_flash_ex.c                 0x00000000   Number         0  stm32f1xx_hal_flash_ex.o ABSOLUTE
    stm32f1xx_hal_gpio.c                     0x00000000   Number         0  stm32f1xx_hal_gpio.o ABSOLUTE
    stm32f1xx_hal_gpio_ex.c                  0x00000000   Number         0  stm32f1xx_hal_gpio_ex.o ABSOLUTE
    stm32f1xx_hal_msp.c                      0x00000000   Number         0  stm32f1xx_hal_msp.o ABSOLUTE
    stm32f1xx_hal_pcd.c                      0x00000000   Number         0  stm32f1xx_hal_pcd.o ABSOLUTE
    stm32f1xx_hal_pcd_ex.c                   0x00000000   Number         0  stm32f1xx_hal_pcd_ex.o ABSOLUTE
    stm32f1xx_hal_pwr.c                      0x00000000   Number         0  stm32f1xx_hal_pwr.o ABSOLUTE
    stm32f1xx_hal_rcc.c                      0x00000000   Number         0  stm32f1xx_hal_rcc.o ABSOLUTE
    stm32f1xx_hal_rcc_ex.c                   0x00000000   Number         0  stm32f1xx_hal_rcc_ex.o ABSOLUTE
    stm32f1xx_hal_tim.c                      0x00000000   Number         0  stm32f1xx_hal_tim.o ABSOLUTE
    stm32f1xx_hal_tim_ex.c                   0x00000000   Number         0  stm32f1xx_hal_tim_ex.o ABSOLUTE
    stm32f1xx_hal_uart.c                     0x00000000   Number         0  stm32f1xx_hal_uart.o ABSOLUTE
    stm32f1xx_it.c                           0x00000000   Number         0  stm32f1xx_it.o ABSOLUTE
    stm32f1xx_ll_usb.c                       0x00000000   Number         0  stm32f1xx_ll_usb.o ABSOLUTE
    system_stm32f1xx.c                       0x00000000   Number         0  system_stm32f1xx.o ABSOLUTE
    usart.c                                  0x00000000   Number         0  usart.o ABSOLUTE
    usb_device.c                             0x00000000   Number         0  usb_device.o ABSOLUTE
    usbd_conf.c                              0x00000000   Number         0  usbd_conf.o ABSOLUTE
    usbd_core.c                              0x00000000   Number         0  usbd_core.o ABSOLUTE
    usbd_ctlreq.c                            0x00000000   Number         0  usbd_ctlreq.o ABSOLUTE
    usbd_desc.c                              0x00000000   Number         0  usbd_desc.o ABSOLUTE
    usbd_hid.c                               0x00000000   Number         0  usbd_hid.o ABSOLUTE
    usbd_ioreq.c                             0x00000000   Number         0  usbd_ioreq.o ABSOLUTE
    RESET                                    0x08000000   Section      236  startup_stm32f103xb.o(RESET)
    .ARM.Collect$$$$00000000                 0x080000ec   Section        0  entry.o(.ARM.Collect$$$$00000000)
    .ARM.Collect$$$$00000001                 0x080000ec   Section        4  entry2.o(.ARM.Collect$$$$00000001)
    .ARM.Collect$$$$00000004                 0x080000f0   Section        4  entry5.o(.ARM.Collect$$$$00000004)
    .ARM.Collect$$$$00000008                 0x080000f4   Section        0  entry7b.o(.ARM.Collect$$$$00000008)
    .ARM.Collect$$$$0000000A                 0x080000f4   Section        0  entry8b.o(.ARM.Collect$$$$0000000A)
    .ARM.Collect$$$$0000000B                 0x080000f4   Section        8  entry9a.o(.ARM.Collect$$$$0000000B)
    __lit__00000000                          0x080000fc   Data           4  entry2.o(.ARM.Collect$$$$00002712)
    .ARM.Collect$$$$0000000D                 0x080000fc   Section        0  entry10a.o(.ARM.Collect$$$$0000000D)
    .ARM.Collect$$$$0000000F                 0x080000fc   Section        0  entry11a.o(.ARM.Collect$$$$0000000F)
    .ARM.Collect$$$$00002712                 0x080000fc   Section        4  entry2.o(.ARM.Collect$$$$00002712)
    .text                                    0x08000100   Section       36  startup_stm32f103xb.o(.text)
    .text                                    0x08000124   Section       36  init.o(.text)
    .text                                    0x08000148   Section        0  __dczerorl2.o(.text)
    [Anonymous Symbol]                       0x080001a0   Section        0  stm32f1xx_hal_adc.o(.text.ADC_Enable)
    [Anonymous Symbol]                       0x08000258   Section        0  stm32f1xx_it.o(.text.BusFault_Handler)
    [Anonymous Symbol]                       0x0800025c   Section        0  stm32f1xx_it.o(.text.DMA1_Channel1_IRQHandler)
    [Anonymous Symbol]                       0x08000268   Section        0  stm32f1xx_it.o(.text.DebugMon_Handler)
    [Anonymous Symbol]                       0x0800026c   Section        0  main.o(.text.Error_Handler)
    [Anonymous Symbol]                       0x08000278   Section        0  stm32f1xx_hal_adc.o(.text.HAL_ADC_ConfigChannel)
    [Anonymous Symbol]                       0x0800040c   Section        0  stm32f1xx_hal_adc.o(.text.HAL_ADC_GetValue)
    [Anonymous Symbol]                       0x08000414   Section        0  stm32f1xx_hal_adc.o(.text.HAL_ADC_Init)
    [Anonymous Symbol]                       0x08000570   Section        0  adc.o(.text.HAL_ADC_MspInit)
    [Anonymous Symbol]                       0x08000614   Section        0  stm32f1xx_hal_adc.o(.text.HAL_ADC_PollForConversion)
    [Anonymous Symbol]                       0x0800087c   Section        0  stm32f1xx_hal_adc.o(.text.HAL_ADC_Start)
    [Anonymous Symbol]                       0x08000948   Section        0  stm32f1xx_hal_dma.o(.text.HAL_DMA_IRQHandler)
    [Anonymous Symbol]                       0x08000ae8   Section        0  stm32f1xx_hal_dma.o(.text.HAL_DMA_Init)
    [Anonymous Symbol]                       0x08000b70   Section        0  stm32f1xx_hal.o(.text.HAL_Delay)
    [Anonymous Symbol]                       0x08000b98   Section        0  stm32f1xx_hal_gpio.o(.text.HAL_GPIO_Init)
    [Anonymous Symbol]                       0x08000dac   Section        0  stm32f1xx_hal_gpio.o(.text.HAL_GPIO_ReadPin)
    [Anonymous Symbol]                       0x08000db8   Section        0  stm32f1xx_hal.o(.text.HAL_GetTick)
    [Anonymous Symbol]                       0x08000dc4   Section        0  stm32f1xx_hal.o(.text.HAL_IncTick)
    [Anonymous Symbol]                       0x08000de0   Section        0  stm32f1xx_hal.o(.text.HAL_Init)
    [Anonymous Symbol]                       0x08000e08   Section        0  stm32f1xx_hal.o(.text.HAL_InitTick)
    [Anonymous Symbol]                       0x08000e50   Section        0  stm32f1xx_hal_msp.o(.text.HAL_MspInit)
    [Anonymous Symbol]                       0x08000e84   Section        0  stm32f1xx_hal_cortex.o(.text.HAL_NVIC_EnableIRQ)
    [Anonymous Symbol]                       0x08000ea4   Section        0  stm32f1xx_hal_cortex.o(.text.HAL_NVIC_SetPriority)
    [Anonymous Symbol]                       0x08000efc   Section        0  stm32f1xx_hal_cortex.o(.text.HAL_NVIC_SetPriorityGrouping)
    [Anonymous Symbol]                       0x08000f1c   Section        0  stm32f1xx_hal_pcd_ex.o(.text.HAL_PCDEx_PMAConfig)
    [Anonymous Symbol]                       0x08000f58   Section        0  usbd_conf.o(.text.HAL_PCDEx_SetConnectionState)
    [Anonymous Symbol]                       0x08000f5c   Section        0  usbd_conf.o(.text.HAL_PCD_DataInStageCallback)
    [Anonymous Symbol]                       0x08000f70   Section        0  usbd_conf.o(.text.HAL_PCD_DataOutStageCallback)
    [Anonymous Symbol]                       0x08000f88   Section        0  stm32f1xx_hal_pcd.o(.text.HAL_PCD_EP_Close)
    [Anonymous Symbol]                       0x08000fd4   Section        0  stm32f1xx_hal_pcd.o(.text.HAL_PCD_EP_ClrStall)
    [Anonymous Symbol]                       0x08001034   Section        0  stm32f1xx_hal_pcd.o(.text.HAL_PCD_EP_Open)
    [Anonymous Symbol]                       0x0800108c   Section        0  stm32f1xx_hal_pcd.o(.text.HAL_PCD_EP_Receive)
    [Anonymous Symbol]                       0x080010c0   Section        0  stm32f1xx_hal_pcd.o(.text.HAL_PCD_EP_SetStall)
    [Anonymous Symbol]                       0x08001138   Section        0  stm32f1xx_hal_pcd.o(.text.HAL_PCD_EP_Transmit)
    [Anonymous Symbol]                       0x08001170   Section        0  stm32f1xx_hal_pcd.o(.text.HAL_PCD_IRQHandler)
    [Anonymous Symbol]                       0x08001ad0   Section        0  stm32f1xx_hal_pcd.o(.text.HAL_PCD_Init)
    [Anonymous Symbol]                       0x08001bb8   Section        0  usbd_conf.o(.text.HAL_PCD_MspInit)
    [Anonymous Symbol]                       0x08001c00   Section        0  usbd_conf.o(.text.HAL_PCD_ResetCallback)
    [Anonymous Symbol]                       0x08001c24   Section        0  usbd_conf.o(.text.HAL_PCD_ResumeCallback)
    [Anonymous Symbol]                       0x08001c2c   Section        0  usbd_conf.o(.text.HAL_PCD_SOFCallback)
    [Anonymous Symbol]                       0x08001c34   Section        0  stm32f1xx_hal_pcd.o(.text.HAL_PCD_SetAddress)
    [Anonymous Symbol]                       0x08001c5c   Section        0  usbd_conf.o(.text.HAL_PCD_SetupStageCallback)
    [Anonymous Symbol]                       0x08001c6c   Section        0  stm32f1xx_hal_pcd.o(.text.HAL_PCD_Start)
    [Anonymous Symbol]                       0x08001ca0   Section        0  usbd_conf.o(.text.HAL_PCD_SuspendCallback)
    [Anonymous Symbol]                       0x08001cc8   Section        0  stm32f1xx_hal_rcc_ex.o(.text.HAL_RCCEx_GetPeriphCLKFreq)
    HAL_RCCEx_GetPeriphCLKFreq.aPLLMULFactorTable 0x08001da4   Number         0  stm32f1xx_hal_rcc_ex.o(.text.HAL_RCCEx_GetPeriphCLKFreq)
    HAL_RCCEx_GetPeriphCLKFreq.aPredivFactorTable 0x08001db4   Number         0  stm32f1xx_hal_rcc_ex.o(.text.HAL_RCCEx_GetPeriphCLKFreq)
    [Anonymous Symbol]                       0x08001db8   Section        0  stm32f1xx_hal_rcc_ex.o(.text.HAL_RCCEx_PeriphCLKConfig)
    [Anonymous Symbol]                       0x08001ec4   Section        0  stm32f1xx_hal_rcc.o(.text.HAL_RCC_ClockConfig)
    [Anonymous Symbol]                       0x08002084   Section        0  stm32f1xx_hal_rcc.o(.text.HAL_RCC_GetPCLK1Freq)
    [Anonymous Symbol]                       0x080020ac   Section        0  stm32f1xx_hal_rcc.o(.text.HAL_RCC_GetPCLK2Freq)
    [Anonymous Symbol]                       0x080020d4   Section        0  stm32f1xx_hal_rcc.o(.text.HAL_RCC_OscConfig)
    [Anonymous Symbol]                       0x08002488   Section        0  stm32f1xx_hal_cortex.o(.text.HAL_SYSTICK_Config)
    [Anonymous Symbol]                       0x080024b4   Section        0  stm32f1xx_hal_uart.o(.text.HAL_UART_Init)
    [Anonymous Symbol]                       0x08002594   Section        0  usart.o(.text.HAL_UART_MspInit)
    [Anonymous Symbol]                       0x08002610   Section        0  stm32f1xx_it.o(.text.HardFault_Handler)
    [Anonymous Symbol]                       0x08002614   Section        0  adc.o(.text.MX_ADC1_Init)
    [Anonymous Symbol]                       0x0800266c   Section        0  dma.o(.text.MX_DMA_Init)
    [Anonymous Symbol]                       0x080026a0   Section        0  gpio.o(.text.MX_GPIO_Init)
    [Anonymous Symbol]                       0x08002704   Section        0  usart.o(.text.MX_USART1_UART_Init)
    [Anonymous Symbol]                       0x08002740   Section        0  usb_device.o(.text.MX_USB_DEVICE_Init)
    [Anonymous Symbol]                       0x08002798   Section        0  stm32f1xx_it.o(.text.MemManage_Handler)
    [Anonymous Symbol]                       0x0800279c   Section        0  stm32f1xx_it.o(.text.NMI_Handler)
    [Anonymous Symbol]                       0x080027a0   Section        0  stm32f1xx_it.o(.text.PendSV_Handler)
    [Anonymous Symbol]                       0x080027a4   Section        0  stm32f1xx_it.o(.text.SVC_Handler)
    [Anonymous Symbol]                       0x080027a8   Section        0  stm32f1xx_it.o(.text.SysTick_Handler)
    [Anonymous Symbol]                       0x080027ac   Section        0  system_stm32f1xx.o(.text.SystemInit)
    [Anonymous Symbol]                       0x080027b0   Section        0  usbd_core.o(.text.USBD_ClrClassConfig)
    [Anonymous Symbol]                       0x080027c0   Section        0  usbd_ioreq.o(.text.USBD_CtlContinueRx)
    [Anonymous Symbol]                       0x080027d0   Section        0  usbd_ioreq.o(.text.USBD_CtlContinueSendData)
    [Anonymous Symbol]                       0x080027e0   Section        0  usbd_ctlreq.o(.text.USBD_CtlError)
    [Anonymous Symbol]                       0x080027f8   Section        0  usbd_ioreq.o(.text.USBD_CtlReceiveStatus)
    [Anonymous Symbol]                       0x08002810   Section        0  usbd_ioreq.o(.text.USBD_CtlSendData)
    [Anonymous Symbol]                       0x0800282c   Section        0  usbd_ioreq.o(.text.USBD_CtlSendStatus)
    [Anonymous Symbol]                       0x08002844   Section        0  usbd_desc.o(.text.USBD_FS_ConfigStrDescriptor)
    [Anonymous Symbol]                       0x08002868   Section        0  usbd_desc.o(.text.USBD_FS_DeviceDescriptor)
    [Anonymous Symbol]                       0x08002878   Section        0  usbd_desc.o(.text.USBD_FS_InterfaceStrDescriptor)
    [Anonymous Symbol]                       0x080028a0   Section        0  usbd_desc.o(.text.USBD_FS_LangIDStrDescriptor)
    [Anonymous Symbol]                       0x080028b0   Section        0  usbd_desc.o(.text.USBD_FS_ManufacturerStrDescriptor)
    [Anonymous Symbol]                       0x080028dc   Section        0  usbd_desc.o(.text.USBD_FS_ProductStrDescriptor)
    [Anonymous Symbol]                       0x0800290c   Section        0  usbd_desc.o(.text.USBD_FS_SerialStrDescriptor)
    [Anonymous Symbol]                       0x08002a78   Section        0  usbd_ctlreq.o(.text.USBD_GetString)
    USBD_HID_DataIn                          0x08002b55   Thumb Code    12  usbd_hid.o(.text.USBD_HID_DataIn)
    [Anonymous Symbol]                       0x08002b54   Section        0  usbd_hid.o(.text.USBD_HID_DataIn)
    USBD_HID_DeInit                          0x08002b61   Thumb Code    32  usbd_hid.o(.text.USBD_HID_DeInit)
    [Anonymous Symbol]                       0x08002b60   Section        0  usbd_hid.o(.text.USBD_HID_DeInit)
    USBD_HID_GetDeviceQualifierDesc          0x08002b81   Thumb Code    16  usbd_hid.o(.text.USBD_HID_GetDeviceQualifierDesc)
    [Anonymous Symbol]                       0x08002b80   Section        0  usbd_hid.o(.text.USBD_HID_GetDeviceQualifierDesc)
    USBD_HID_GetFSCfgDesc                    0x08002b91   Thumb Code    16  usbd_hid.o(.text.USBD_HID_GetFSCfgDesc)
    [Anonymous Symbol]                       0x08002b90   Section        0  usbd_hid.o(.text.USBD_HID_GetFSCfgDesc)
    USBD_HID_GetHSCfgDesc                    0x08002ba1   Thumb Code    16  usbd_hid.o(.text.USBD_HID_GetHSCfgDesc)
    [Anonymous Symbol]                       0x08002ba0   Section        0  usbd_hid.o(.text.USBD_HID_GetHSCfgDesc)
    USBD_HID_GetOtherSpeedCfgDesc            0x08002bb1   Thumb Code    16  usbd_hid.o(.text.USBD_HID_GetOtherSpeedCfgDesc)
    [Anonymous Symbol]                       0x08002bb0   Section        0  usbd_hid.o(.text.USBD_HID_GetOtherSpeedCfgDesc)
    USBD_HID_Init                            0x08002bc1   Thumb Code    42  usbd_hid.o(.text.USBD_HID_Init)
    [Anonymous Symbol]                       0x08002bc0   Section        0  usbd_hid.o(.text.USBD_HID_Init)
    [Anonymous Symbol]                       0x08002bec   Section        0  usbd_hid.o(.text.USBD_HID_SendReport)
    USBD_HID_Setup                           0x08002c19   Thumb Code   258  usbd_hid.o(.text.USBD_HID_Setup)
    [Anonymous Symbol]                       0x08002c18   Section        0  usbd_hid.o(.text.USBD_HID_Setup)
    [Anonymous Symbol]                       0x08002d1c   Section        0  usbd_core.o(.text.USBD_Init)
    [Anonymous Symbol]                       0x08002d4c   Section        0  usbd_conf.o(.text.USBD_LL_ClearStallEP)
    [Anonymous Symbol]                       0x08002d70   Section        0  usbd_conf.o(.text.USBD_LL_CloseEP)
    [Anonymous Symbol]                       0x08002d94   Section        0  usbd_core.o(.text.USBD_LL_DataInStage)
    [Anonymous Symbol]                       0x08002e60   Section        0  usbd_core.o(.text.USBD_LL_DataOutStage)
    [Anonymous Symbol]                       0x08002eec   Section        0  usbd_conf.o(.text.USBD_LL_Init)
    [Anonymous Symbol]                       0x08002f54   Section        0  usbd_conf.o(.text.USBD_LL_IsStallEP)
    [Anonymous Symbol]                       0x08002f74   Section        0  usbd_conf.o(.text.USBD_LL_OpenEP)
    [Anonymous Symbol]                       0x08002f9c   Section        0  usbd_conf.o(.text.USBD_LL_PrepareReceive)
    [Anonymous Symbol]                       0x08002fc0   Section        0  usbd_core.o(.text.USBD_LL_Reset)
    [Anonymous Symbol]                       0x08003014   Section        0  usbd_core.o(.text.USBD_LL_Resume)
    [Anonymous Symbol]                       0x08003028   Section        0  usbd_core.o(.text.USBD_LL_SOF)
    [Anonymous Symbol]                       0x08003044   Section        0  usbd_core.o(.text.USBD_LL_SetSpeed)
    [Anonymous Symbol]                       0x0800304c   Section        0  usbd_conf.o(.text.USBD_LL_SetUSBAddress)
    [Anonymous Symbol]                       0x08003070   Section        0  usbd_core.o(.text.USBD_LL_SetupStage)
    [Anonymous Symbol]                       0x080030d4   Section        0  usbd_conf.o(.text.USBD_LL_StallEP)
    [Anonymous Symbol]                       0x080030f8   Section        0  usbd_conf.o(.text.USBD_LL_Start)
    [Anonymous Symbol]                       0x0800311c   Section        0  usbd_core.o(.text.USBD_LL_Suspend)
    [Anonymous Symbol]                       0x08003130   Section        0  usbd_conf.o(.text.USBD_LL_Transmit)
    [Anonymous Symbol]                       0x08003154   Section        0  usbd_ctlreq.o(.text.USBD_ParseSetupRequest)
    [Anonymous Symbol]                       0x0800316c   Section        0  usbd_core.o(.text.USBD_RegisterClass)
    [Anonymous Symbol]                       0x0800317c   Section        0  usbd_core.o(.text.USBD_SetClassConfig)
    [Anonymous Symbol]                       0x08003198   Section        0  usbd_core.o(.text.USBD_Start)
    [Anonymous Symbol]                       0x080031a4   Section        0  usbd_ctlreq.o(.text.USBD_StdDevReq)
    [Anonymous Symbol]                       0x08003470   Section        0  usbd_ctlreq.o(.text.USBD_StdEPReq)
    [Anonymous Symbol]                       0x080035bc   Section        0  usbd_ctlreq.o(.text.USBD_StdItfReq)
    [Anonymous Symbol]                       0x08003634   Section        0  usbd_conf.o(.text.USBD_static_free)
    [Anonymous Symbol]                       0x08003638   Section        0  usbd_conf.o(.text.USBD_static_malloc)
    [Anonymous Symbol]                       0x08003644   Section        0  stm32f1xx_ll_usb.o(.text.USB_ActivateEndpoint)
    [Anonymous Symbol]                       0x08003898   Section        0  stm32f1xx_ll_usb.o(.text.USB_CoreInit)
    [Anonymous Symbol]                       0x0800389c   Section        0  stm32f1xx_ll_usb.o(.text.USB_DeactivateEndpoint)
    [Anonymous Symbol]                       0x08003980   Section        0  stm32f1xx_ll_usb.o(.text.USB_DevConnect)
    [Anonymous Symbol]                       0x08003984   Section        0  stm32f1xx_ll_usb.o(.text.USB_DevDisconnect)
    [Anonymous Symbol]                       0x08003988   Section        0  stm32f1xx_ll_usb.o(.text.USB_DevInit)
    [Anonymous Symbol]                       0x080039a4   Section        0  stm32f1xx_ll_usb.o(.text.USB_DisableGlobalInt)
    [Anonymous Symbol]                       0x080039b8   Section        0  stm32f1xx_ll_usb.o(.text.USB_EP0_OutStart)
    [Anonymous Symbol]                       0x080039bc   Section        0  stm32f1xx_ll_usb.o(.text.USB_EPClearStall)
    [Anonymous Symbol]                       0x08003a38   Section        0  stm32f1xx_ll_usb.o(.text.USB_EPSetStall)
    [Anonymous Symbol]                       0x08003a6c   Section        0  stm32f1xx_ll_usb.o(.text.USB_EPStartXfer)
    [Anonymous Symbol]                       0x08004250   Section        0  stm32f1xx_ll_usb.o(.text.USB_EnableGlobalInt)
    [Anonymous Symbol]                       0x08004264   Section        0  stm32f1xx_it.o(.text.USB_LP_CAN1_RX0_IRQHandler)
    [Anonymous Symbol]                       0x08004270   Section        0  stm32f1xx_ll_usb.o(.text.USB_ReadInterrupts)
    [Anonymous Symbol]                       0x08004278   Section        0  stm32f1xx_ll_usb.o(.text.USB_ReadPMA)
    [Anonymous Symbol]                       0x08004318   Section        0  stm32f1xx_ll_usb.o(.text.USB_SetCurrentMode)
    [Anonymous Symbol]                       0x0800431c   Section        0  stm32f1xx_ll_usb.o(.text.USB_SetDevAddress)
    [Anonymous Symbol]                       0x0800432c   Section        0  stm32f1xx_ll_usb.o(.text.USB_WritePMA)
    [Anonymous Symbol]                       0x080043b4   Section        0  stm32f1xx_it.o(.text.UsageFault_Handler)
    [Anonymous Symbol]                       0x080043b8   Section        0  main.o(.text.main)
    i.__scatterload_copy                     0x08004616   Section       14  handlers.o(i.__scatterload_copy)
    i.__scatterload_null                     0x08004624   Section        2  handlers.o(i.__scatterload_null)
    i.__scatterload_zeroinit                 0x08004626   Section       14  handlers.o(i.__scatterload_zeroinit)
    HAL_RCC_GetSysClockFreq.aPredivFactorTable 0x0800464c   Data           2  stm32f1xx_hal_rcc.o(.rodata.HAL_RCC_GetSysClockFreq.aPredivFactorTable)
    [Anonymous Symbol]                       0x0800464c   Section        0  stm32f1xx_hal_rcc.o(.rodata.HAL_RCC_GetSysClockFreq.aPredivFactorTable)
    HAL_RCC_GetSysClockFreq.aPLLMULFactorTable 0x0800464e   Data          16  stm32f1xx_hal_rcc.o(.rodata.cst16)
    [Anonymous Symbol]                       0x0800464e   Section        0  stm32f1xx_hal_rcc.o(.rodata.cst16)
    .L_MergedGlobals                         0x20000000   Data           8  stm32f1xx_hal.o(.data..L_MergedGlobals)
    [Anonymous Symbol]                       0x20000000   Section        0  stm32f1xx_hal.o(.data..L_MergedGlobals)
    HID_MOUSE_ReportDesc                     0x20000024   Data         117  usbd_hid.o(.data.HID_MOUSE_ReportDesc)
    [Anonymous Symbol]                       0x20000024   Section        0  usbd_hid.o(.data.HID_MOUSE_ReportDesc)
    USBD_HID_CfgFSDesc                       0x200000ec   Data          41  usbd_hid.o(.data.USBD_HID_CfgFSDesc)
    [Anonymous Symbol]                       0x200000ec   Section        0  usbd_hid.o(.data.USBD_HID_CfgFSDesc)
    USBD_HID_CfgHSDesc                       0x20000118   Data          41  usbd_hid.o(.data.USBD_HID_CfgHSDesc)
    [Anonymous Symbol]                       0x20000118   Section        0  usbd_hid.o(.data.USBD_HID_CfgHSDesc)
    USBD_HID_Desc                            0x20000144   Data           9  usbd_hid.o(.data.USBD_HID_Desc)
    [Anonymous Symbol]                       0x20000144   Section        0  usbd_hid.o(.data.USBD_HID_Desc)
    USBD_HID_DeviceQualifierDesc             0x20000150   Data          10  usbd_hid.o(.data.USBD_HID_DeviceQualifierDesc)
    [Anonymous Symbol]                       0x20000150   Section        0  usbd_hid.o(.data.USBD_HID_DeviceQualifierDesc)
    USBD_HID_OtherSpeedCfgDesc               0x2000015c   Data          41  usbd_hid.o(.data.USBD_HID_OtherSpeedCfgDesc)
    [Anonymous Symbol]                       0x2000015c   Section        0  usbd_hid.o(.data.USBD_HID_OtherSpeedCfgDesc)
    .L_MergedGlobals                         0x200001b0   Data          17  main.o(.bss..L_MergedGlobals)
    [Anonymous Symbol]                       0x200001b0   Section        0  main.o(.bss..L_MergedGlobals)
    USBD_SetConfig.cfgidx                    0x200001c1   Data           1  usbd_ctlreq.o(.bss.USBD_SetConfig.cfgidx)
    [Anonymous Symbol]                       0x200001c1   Section        0  usbd_ctlreq.o(.bss.USBD_SetConfig.cfgidx)
    USBD_static_malloc.mem                   0x200003c4   Data          20  usbd_conf.o(.bss.USBD_static_malloc.mem)
    [Anonymous Symbol]                       0x200003c4   Section        0  usbd_conf.o(.bss.USBD_static_malloc.mem)
    STACK                                    0x20000a50   Section     4096  startup_stm32f103xb.o(STACK)

    Global Symbols

    Symbol Name                              Value     Ov Type        Size  Object(Section)

    BuildAttributes$$THM_ISAv4$P$D$K$B$S$PE$A:L22UL41UL21$X:L11$S22US41US21$IEEE1$IW$~IW$USESV6$~STKCKD$USESV7$~SHL$OTIME$EBA8$MICROLIB$REQ8$PRES8$EABIv2 0x00000000   Number         0  anon$$obj.o ABSOLUTE
    __cpp_initialize__aeabi_                  - Undefined Weak Reference
    __cxa_finalize                            - Undefined Weak Reference
    _clock_init                               - Undefined Weak Reference
    _microlib_exit                            - Undefined Weak Reference
    __Vectors_Size                           0x000000ec   Number         0  startup_stm32f103xb.o ABSOLUTE
    __Vectors                                0x08000000   Data           4  startup_stm32f103xb.o(RESET)
    __Vectors_End                            0x080000ec   Data           0  startup_stm32f103xb.o(RESET)
    __main                                   0x080000ed   Thumb Code     0  entry.o(.ARM.Collect$$$$00000000)
    _main_stk                                0x080000ed   Thumb Code     0  entry2.o(.ARM.Collect$$$$00000001)
    _main_scatterload                        0x080000f1   Thumb Code     0  entry5.o(.ARM.Collect$$$$00000004)
    __main_after_scatterload                 0x080000f5   Thumb Code     0  entry5.o(.ARM.Collect$$$$00000004)
    _main_clock                              0x080000f5   Thumb Code     0  entry7b.o(.ARM.Collect$$$$00000008)
    _main_cpp_init                           0x080000f5   Thumb Code     0  entry8b.o(.ARM.Collect$$$$0000000A)
    _main_init                               0x080000f5   Thumb Code     0  entry9a.o(.ARM.Collect$$$$0000000B)
    __rt_final_cpp                           0x080000fd   Thumb Code     0  entry10a.o(.ARM.Collect$$$$0000000D)
    __rt_final_exit                          0x080000fd   Thumb Code     0  entry11a.o(.ARM.Collect$$$$0000000F)
    Reset_Handler                            0x08000101   Thumb Code     8  startup_stm32f103xb.o(.text)
    ADC1_2_IRQHandler                        0x0800011b   Thumb Code     0  startup_stm32f103xb.o(.text)
    CAN1_RX1_IRQHandler                      0x0800011b   Thumb Code     0  startup_stm32f103xb.o(.text)
    CAN1_SCE_IRQHandler                      0x0800011b   Thumb Code     0  startup_stm32f103xb.o(.text)
    DMA1_Channel2_IRQHandler                 0x0800011b   Thumb Code     0  startup_stm32f103xb.o(.text)
    DMA1_Channel3_IRQHandler                 0x0800011b   Thumb Code     0  startup_stm32f103xb.o(.text)
    DMA1_Channel4_IRQHandler                 0x0800011b   Thumb Code     0  startup_stm32f103xb.o(.text)
    DMA1_Channel5_IRQHandler                 0x0800011b   Thumb Code     0  startup_stm32f103xb.o(.text)
    DMA1_Channel6_IRQHandler                 0x0800011b   Thumb Code     0  startup_stm32f103xb.o(.text)
    DMA1_Channel7_IRQHandler                 0x0800011b   Thumb Code     0  startup_stm32f103xb.o(.text)
    EXTI0_IRQHandler                         0x0800011b   Thumb Code     0  startup_stm32f103xb.o(.text)
    EXTI15_10_IRQHandler                     0x0800011b   Thumb Code     0  startup_stm32f103xb.o(.text)
    EXTI1_IRQHandler                         0x0800011b   Thumb Code     0  startup_stm32f103xb.o(.text)
    EXTI2_IRQHandler                         0x0800011b   Thumb Code     0  startup_stm32f103xb.o(.text)
    EXTI3_IRQHandler                         0x0800011b   Thumb Code     0  startup_stm32f103xb.o(.text)
    EXTI4_IRQHandler                         0x0800011b   Thumb Code     0  startup_stm32f103xb.o(.text)
    EXTI9_5_IRQHandler                       0x0800011b   Thumb Code     0  startup_stm32f103xb.o(.text)
    FLASH_IRQHandler                         0x0800011b   Thumb Code     0  startup_stm32f103xb.o(.text)
    I2C1_ER_IRQHandler                       0x0800011b   Thumb Code     0  startup_stm32f103xb.o(.text)
    I2C1_EV_IRQHandler                       0x0800011b   Thumb Code     0  startup_stm32f103xb.o(.text)
    I2C2_ER_IRQHandler                       0x0800011b   Thumb Code     0  startup_stm32f103xb.o(.text)
    I2C2_EV_IRQHandler                       0x0800011b   Thumb Code     0  startup_stm32f103xb.o(.text)
    PVD_IRQHandler                           0x0800011b   Thumb Code     0  startup_stm32f103xb.o(.text)
    RCC_IRQHandler                           0x0800011b   Thumb Code     0  startup_stm32f103xb.o(.text)
    RTC_Alarm_IRQHandler                     0x0800011b   Thumb Code     0  startup_stm32f103xb.o(.text)
    RTC_IRQHandler                           0x0800011b   Thumb Code     0  startup_stm32f103xb.o(.text)
    SPI1_IRQHandler                          0x0800011b   Thumb Code     0  startup_stm32f103xb.o(.text)
    SPI2_IRQHandler                          0x0800011b   Thumb Code     0  startup_stm32f103xb.o(.text)
    TAMPER_IRQHandler                        0x0800011b   Thumb Code     0  startup_stm32f103xb.o(.text)
    TIM1_BRK_IRQHandler                      0x0800011b   Thumb Code     0  startup_stm32f103xb.o(.text)
    TIM1_CC_IRQHandler                       0x0800011b   Thumb Code     0  startup_stm32f103xb.o(.text)
    TIM1_TRG_COM_IRQHandler                  0x0800011b   Thumb Code     0  startup_stm32f103xb.o(.text)
    TIM1_UP_IRQHandler                       0x0800011b   Thumb Code     0  startup_stm32f103xb.o(.text)
    TIM2_IRQHandler                          0x0800011b   Thumb Code     0  startup_stm32f103xb.o(.text)
    TIM3_IRQHandler                          0x0800011b   Thumb Code     0  startup_stm32f103xb.o(.text)
    TIM4_IRQHandler                          0x0800011b   Thumb Code     0  startup_stm32f103xb.o(.text)
    USART1_IRQHandler                        0x0800011b   Thumb Code     0  startup_stm32f103xb.o(.text)
    USART2_IRQHandler                        0x0800011b   Thumb Code     0  startup_stm32f103xb.o(.text)
    USART3_IRQHandler                        0x0800011b   Thumb Code     0  startup_stm32f103xb.o(.text)
    USBWakeUp_IRQHandler                     0x0800011b   Thumb Code     0  startup_stm32f103xb.o(.text)
    USB_HP_CAN1_TX_IRQHandler                0x0800011b   Thumb Code     0  startup_stm32f103xb.o(.text)
    WWDG_IRQHandler                          0x0800011b   Thumb Code     0  startup_stm32f103xb.o(.text)
    __scatterload                            0x08000125   Thumb Code    28  init.o(.text)
    __scatterload_rt2                        0x08000125   Thumb Code     0  init.o(.text)
    __decompress                             0x08000149   Thumb Code     0  __dczerorl2.o(.text)
    __decompress1                            0x08000149   Thumb Code    86  __dczerorl2.o(.text)
    ADC_Enable                               0x080001a1   Thumb Code   182  stm32f1xx_hal_adc.o(.text.ADC_Enable)
    BusFault_Handler                         0x08000259   Thumb Code     2  stm32f1xx_it.o(.text.BusFault_Handler)
    DMA1_Channel1_IRQHandler                 0x0800025d   Thumb Code    12  stm32f1xx_it.o(.text.DMA1_Channel1_IRQHandler)
    DebugMon_Handler                         0x08000269   Thumb Code     2  stm32f1xx_it.o(.text.DebugMon_Handler)
    Error_Handler                            0x0800026d   Thumb Code    10  main.o(.text.Error_Handler)
    HAL_ADC_ConfigChannel                    0x08000279   Thumb Code   404  stm32f1xx_hal_adc.o(.text.HAL_ADC_ConfigChannel)
    HAL_ADC_GetValue                         0x0800040d   Thumb Code     6  stm32f1xx_hal_adc.o(.text.HAL_ADC_GetValue)
    HAL_ADC_Init                             0x08000415   Thumb Code   348  stm32f1xx_hal_adc.o(.text.HAL_ADC_Init)
    HAL_ADC_MspInit                          0x08000571   Thumb Code   162  adc.o(.text.HAL_ADC_MspInit)
    HAL_ADC_PollForConversion                0x08000615   Thumb Code   616  stm32f1xx_hal_adc.o(.text.HAL_ADC_PollForConversion)
    HAL_ADC_Start                            0x0800087d   Thumb Code   204  stm32f1xx_hal_adc.o(.text.HAL_ADC_Start)
    HAL_DMA_IRQHandler                       0x08000949   Thumb Code   416  stm32f1xx_hal_dma.o(.text.HAL_DMA_IRQHandler)
    HAL_DMA_Init                             0x08000ae9   Thumb Code   136  stm32f1xx_hal_dma.o(.text.HAL_DMA_Init)
    HAL_Delay                                0x08000b71   Thumb Code    40  stm32f1xx_hal.o(.text.HAL_Delay)
    HAL_GPIO_Init                            0x08000b99   Thumb Code   530  stm32f1xx_hal_gpio.o(.text.HAL_GPIO_Init)
    HAL_GPIO_ReadPin                         0x08000dad   Thumb Code    10  stm32f1xx_hal_gpio.o(.text.HAL_GPIO_ReadPin)
    HAL_GetTick                              0x08000db9   Thumb Code    12  stm32f1xx_hal.o(.text.HAL_GetTick)
    HAL_IncTick                              0x08000dc5   Thumb Code    26  stm32f1xx_hal.o(.text.HAL_IncTick)
    HAL_Init                                 0x08000de1   Thumb Code    38  stm32f1xx_hal.o(.text.HAL_Init)
    HAL_InitTick                             0x08000e09   Thumb Code    72  stm32f1xx_hal.o(.text.HAL_InitTick)
    HAL_MspInit                              0x08000e51   Thumb Code    50  stm32f1xx_hal_msp.o(.text.HAL_MspInit)
    HAL_NVIC_EnableIRQ                       0x08000e85   Thumb Code    32  stm32f1xx_hal_cortex.o(.text.HAL_NVIC_EnableIRQ)
    HAL_NVIC_SetPriority                     0x08000ea5   Thumb Code    86  stm32f1xx_hal_cortex.o(.text.HAL_NVIC_SetPriority)
    HAL_NVIC_SetPriorityGrouping             0x08000efd   Thumb Code    32  stm32f1xx_hal_cortex.o(.text.HAL_NVIC_SetPriorityGrouping)
    HAL_PCDEx_PMAConfig                      0x08000f1d   Thumb Code    58  stm32f1xx_hal_pcd_ex.o(.text.HAL_PCDEx_PMAConfig)
    HAL_PCDEx_SetConnectionState             0x08000f59   Thumb Code     2  usbd_conf.o(.text.HAL_PCDEx_SetConnectionState)
    HAL_PCD_DataInStageCallback              0x08000f5d   Thumb Code    20  usbd_conf.o(.text.HAL_PCD_DataInStageCallback)
    HAL_PCD_DataOutStageCallback             0x08000f71   Thumb Code    22  usbd_conf.o(.text.HAL_PCD_DataOutStageCallback)
    HAL_PCD_EP_Close                         0x08000f89   Thumb Code    76  stm32f1xx_hal_pcd.o(.text.HAL_PCD_EP_Close)
    HAL_PCD_EP_ClrStall                      0x08000fd5   Thumb Code    96  stm32f1xx_hal_pcd.o(.text.HAL_PCD_EP_ClrStall)
    HAL_PCD_EP_Open                          0x08001035   Thumb Code    88  stm32f1xx_hal_pcd.o(.text.HAL_PCD_EP_Open)
    HAL_PCD_EP_Receive                       0x0800108d   Thumb Code    50  stm32f1xx_hal_pcd.o(.text.HAL_PCD_EP_Receive)
    HAL_PCD_EP_SetStall                      0x080010c1   Thumb Code   118  stm32f1xx_hal_pcd.o(.text.HAL_PCD_EP_SetStall)
    HAL_PCD_EP_Transmit                      0x08001139   Thumb Code    54  stm32f1xx_hal_pcd.o(.text.HAL_PCD_EP_Transmit)
    HAL_PCD_IRQHandler                       0x08001171   Thumb Code  2398  stm32f1xx_hal_pcd.o(.text.HAL_PCD_IRQHandler)
    HAL_PCD_Init                             0x08001ad1   Thumb Code   232  stm32f1xx_hal_pcd.o(.text.HAL_PCD_Init)
    HAL_PCD_MspInit                          0x08001bb9   Thumb Code    70  usbd_conf.o(.text.HAL_PCD_MspInit)
    HAL_PCD_ResetCallback                    0x08001c01   Thumb Code    36  usbd_conf.o(.text.HAL_PCD_ResetCallback)
    HAL_PCD_ResumeCallback                   0x08001c25   Thumb Code     8  usbd_conf.o(.text.HAL_PCD_ResumeCallback)
    HAL_PCD_SOFCallback                      0x08001c2d   Thumb Code     8  usbd_conf.o(.text.HAL_PCD_SOFCallback)
    HAL_PCD_SetAddress                       0x08001c35   Thumb Code    40  stm32f1xx_hal_pcd.o(.text.HAL_PCD_SetAddress)
    HAL_PCD_SetupStageCallback               0x08001c5d   Thumb Code    14  usbd_conf.o(.text.HAL_PCD_SetupStageCallback)
    HAL_PCD_Start                            0x08001c6d   Thumb Code    50  stm32f1xx_hal_pcd.o(.text.HAL_PCD_Start)
    HAL_PCD_SuspendCallback                  0x08001ca1   Thumb Code    38  usbd_conf.o(.text.HAL_PCD_SuspendCallback)
    HAL_RCCEx_GetPeriphCLKFreq               0x08001cc9   Thumb Code   220  stm32f1xx_hal_rcc_ex.o(.text.HAL_RCCEx_GetPeriphCLKFreq)
    HAL_RCCEx_PeriphCLKConfig                0x08001db9   Thumb Code   266  stm32f1xx_hal_rcc_ex.o(.text.HAL_RCCEx_PeriphCLKConfig)
    HAL_RCC_ClockConfig                      0x08001ec5   Thumb Code   446  stm32f1xx_hal_rcc.o(.text.HAL_RCC_ClockConfig)
    HAL_RCC_GetPCLK1Freq                     0x08002085   Thumb Code    38  stm32f1xx_hal_rcc.o(.text.HAL_RCC_GetPCLK1Freq)
    HAL_RCC_GetPCLK2Freq                     0x080020ad   Thumb Code    38  stm32f1xx_hal_rcc.o(.text.HAL_RCC_GetPCLK2Freq)
    HAL_RCC_OscConfig                        0x080020d5   Thumb Code   948  stm32f1xx_hal_rcc.o(.text.HAL_RCC_OscConfig)
    HAL_SYSTICK_Config                       0x08002489   Thumb Code    44  stm32f1xx_hal_cortex.o(.text.HAL_SYSTICK_Config)
    HAL_UART_Init                            0x080024b5   Thumb Code   222  stm32f1xx_hal_uart.o(.text.HAL_UART_Init)
    HAL_UART_MspInit                         0x08002595   Thumb Code   122  usart.o(.text.HAL_UART_MspInit)
    HardFault_Handler                        0x08002611   Thumb Code     2  stm32f1xx_it.o(.text.HardFault_Handler)
    MX_ADC1_Init                             0x08002615   Thumb Code    88  adc.o(.text.MX_ADC1_Init)
    MX_DMA_Init                              0x0800266d   Thumb Code    52  dma.o(.text.MX_DMA_Init)
    MX_GPIO_Init                             0x080026a1   Thumb Code   100  gpio.o(.text.MX_GPIO_Init)
    MX_USART1_UART_Init                      0x08002705   Thumb Code    60  usart.o(.text.MX_USART1_UART_Init)
    MX_USB_DEVICE_Init                       0x08002741   Thumb Code    86  usb_device.o(.text.MX_USB_DEVICE_Init)
    MemManage_Handler                        0x08002799   Thumb Code     2  stm32f1xx_it.o(.text.MemManage_Handler)
    NMI_Handler                              0x0800279d   Thumb Code     2  stm32f1xx_it.o(.text.NMI_Handler)
    PendSV_Handler                           0x080027a1   Thumb Code     2  stm32f1xx_it.o(.text.PendSV_Handler)
    SVC_Handler                              0x080027a5   Thumb Code     2  stm32f1xx_it.o(.text.SVC_Handler)
    SysTick_Handler                          0x080027a9   Thumb Code     4  stm32f1xx_it.o(.text.SysTick_Handler)
    SystemInit                               0x080027ad   Thumb Code     2  system_stm32f1xx.o(.text.SystemInit)
    USBD_ClrClassConfig                      0x080027b1   Thumb Code    14  usbd_core.o(.text.USBD_ClrClassConfig)
    USBD_CtlContinueRx                       0x080027c1   Thumb Code    16  usbd_ioreq.o(.text.USBD_CtlContinueRx)
    USBD_CtlContinueSendData                 0x080027d1   Thumb Code    16  usbd_ioreq.o(.text.USBD_CtlContinueSendData)
    USBD_CtlError                            0x080027e1   Thumb Code    22  usbd_ctlreq.o(.text.USBD_CtlError)
    USBD_CtlReceiveStatus                    0x080027f9   Thumb Code    22  usbd_ioreq.o(.text.USBD_CtlReceiveStatus)
    USBD_CtlSendData                         0x08002811   Thumb Code    26  usbd_ioreq.o(.text.USBD_CtlSendData)
    USBD_CtlSendStatus                       0x0800282d   Thumb Code    22  usbd_ioreq.o(.text.USBD_CtlSendStatus)
    USBD_FS_ConfigStrDescriptor              0x08002845   Thumb Code    24  usbd_desc.o(.text.USBD_FS_ConfigStrDescriptor)
    USBD_FS_DeviceDescriptor                 0x08002869   Thumb Code    14  usbd_desc.o(.text.USBD_FS_DeviceDescriptor)
    USBD_FS_InterfaceStrDescriptor           0x08002879   Thumb Code    24  usbd_desc.o(.text.USBD_FS_InterfaceStrDescriptor)
    USBD_FS_LangIDStrDescriptor              0x080028a1   Thumb Code    14  usbd_desc.o(.text.USBD_FS_LangIDStrDescriptor)
    USBD_FS_ManufacturerStrDescriptor        0x080028b1   Thumb Code    24  usbd_desc.o(.text.USBD_FS_ManufacturerStrDescriptor)
    USBD_FS_ProductStrDescriptor             0x080028dd   Thumb Code    24  usbd_desc.o(.text.USBD_FS_ProductStrDescriptor)
    USBD_FS_SerialStrDescriptor              0x0800290d   Thumb Code   364  usbd_desc.o(.text.USBD_FS_SerialStrDescriptor)
    USBD_GetString                           0x08002a79   Thumb Code   218  usbd_ctlreq.o(.text.USBD_GetString)
    USBD_HID_SendReport                      0x08002bed   Thumb Code    44  usbd_hid.o(.text.USBD_HID_SendReport)
    USBD_Init                                0x08002d1d   Thumb Code    48  usbd_core.o(.text.USBD_Init)
    USBD_LL_ClearStallEP                     0x08002d4d   Thumb Code    34  usbd_conf.o(.text.USBD_LL_ClearStallEP)
    USBD_LL_CloseEP                          0x08002d71   Thumb Code    34  usbd_conf.o(.text.USBD_LL_CloseEP)
    USBD_LL_DataInStage                      0x08002d95   Thumb Code   202  usbd_core.o(.text.USBD_LL_DataInStage)
    USBD_LL_DataOutStage                     0x08002e61   Thumb Code   138  usbd_core.o(.text.USBD_LL_DataOutStage)
    USBD_LL_Init                             0x08002eed   Thumb Code   104  usbd_conf.o(.text.USBD_LL_Init)
    USBD_LL_IsStallEP                        0x08002f55   Thumb Code    32  usbd_conf.o(.text.USBD_LL_IsStallEP)
    USBD_LL_OpenEP                           0x08002f75   Thumb Code    40  usbd_conf.o(.text.USBD_LL_OpenEP)
    USBD_LL_PrepareReceive                   0x08002f9d   Thumb Code    34  usbd_conf.o(.text.USBD_LL_PrepareReceive)
    USBD_LL_Reset                            0x08002fc1   Thumb Code    84  usbd_core.o(.text.USBD_LL_Reset)
    USBD_LL_Resume                           0x08003015   Thumb Code    20  usbd_core.o(.text.USBD_LL_Resume)
    USBD_LL_SOF                              0x08003029   Thumb Code    26  usbd_core.o(.text.USBD_LL_SOF)
    USBD_LL_SetSpeed                         0x08003045   Thumb Code     8  usbd_core.o(.text.USBD_LL_SetSpeed)
    USBD_LL_SetUSBAddress                    0x0800304d   Thumb Code    34  usbd_conf.o(.text.USBD_LL_SetUSBAddress)
    USBD_LL_SetupStage                       0x08003071   Thumb Code    98  usbd_core.o(.text.USBD_LL_SetupStage)
    USBD_LL_StallEP                          0x080030d5   Thumb Code    34  usbd_conf.o(.text.USBD_LL_StallEP)
    USBD_LL_Start                            0x080030f9   Thumb Code    34  usbd_conf.o(.text.USBD_LL_Start)
    USBD_LL_Suspend                          0x0800311d   Thumb Code    20  usbd_core.o(.text.USBD_LL_Suspend)
    USBD_LL_Transmit                         0x08003131   Thumb Code    34  usbd_conf.o(.text.USBD_LL_Transmit)
    USBD_ParseSetupRequest                   0x08003155   Thumb Code    22  usbd_ctlreq.o(.text.USBD_ParseSetupRequest)
    USBD_RegisterClass                       0x0800316d   Thumb Code    14  usbd_core.o(.text.USBD_RegisterClass)
    USBD_SetClassConfig                      0x0800317d   Thumb Code    28  usbd_core.o(.text.USBD_SetClassConfig)
    USBD_Start                               0x08003199   Thumb Code    10  usbd_core.o(.text.USBD_Start)
    USBD_StdDevReq                           0x080031a5   Thumb Code   714  usbd_ctlreq.o(.text.USBD_StdDevReq)
    USBD_StdEPReq                            0x08003471   Thumb Code   330  usbd_ctlreq.o(.text.USBD_StdEPReq)
    USBD_StdItfReq                           0x080035bd   Thumb Code   118  usbd_ctlreq.o(.text.USBD_StdItfReq)
    USBD_static_free                         0x08003635   Thumb Code     2  usbd_conf.o(.text.USBD_static_free)
    USBD_static_malloc                       0x08003639   Thumb Code    10  usbd_conf.o(.text.USBD_static_malloc)
    USB_ActivateEndpoint                     0x08003645   Thumb Code   596  stm32f1xx_ll_usb.o(.text.USB_ActivateEndpoint)
    USB_CoreInit                             0x08003899   Thumb Code     4  stm32f1xx_ll_usb.o(.text.USB_CoreInit)
    USB_DeactivateEndpoint                   0x0800389d   Thumb Code   226  stm32f1xx_ll_usb.o(.text.USB_DeactivateEndpoint)
    USB_DevConnect                           0x08003981   Thumb Code     4  stm32f1xx_ll_usb.o(.text.USB_DevConnect)
    USB_DevDisconnect                        0x08003985   Thumb Code     4  stm32f1xx_ll_usb.o(.text.USB_DevDisconnect)
    USB_DevInit                              0x08003989   Thumb Code    26  stm32f1xx_ll_usb.o(.text.USB_DevInit)
    USB_DisableGlobalInt                     0x080039a5   Thumb Code    20  stm32f1xx_ll_usb.o(.text.USB_DisableGlobalInt)
    USB_EP0_OutStart                         0x080039b9   Thumb Code     4  stm32f1xx_ll_usb.o(.text.USB_EP0_OutStart)
    USB_EPClearStall                         0x080039bd   Thumb Code   124  stm32f1xx_ll_usb.o(.text.USB_EPClearStall)
    USB_EPSetStall                           0x08003a39   Thumb Code    50  stm32f1xx_ll_usb.o(.text.USB_EPSetStall)
    USB_EPStartXfer                          0x08003a6d   Thumb Code  2018  stm32f1xx_ll_usb.o(.text.USB_EPStartXfer)
    USB_EnableGlobalInt                      0x08004251   Thumb Code    20  stm32f1xx_ll_usb.o(.text.USB_EnableGlobalInt)
    USB_LP_CAN1_RX0_IRQHandler               0x08004265   Thumb Code    12  stm32f1xx_it.o(.text.USB_LP_CAN1_RX0_IRQHandler)
    USB_ReadInterrupts                       0x08004271   Thumb Code     6  stm32f1xx_ll_usb.o(.text.USB_ReadInterrupts)
    USB_ReadPMA                              0x08004279   Thumb Code   160  stm32f1xx_ll_usb.o(.text.USB_ReadPMA)
    USB_SetCurrentMode                       0x08004319   Thumb Code     4  stm32f1xx_ll_usb.o(.text.USB_SetCurrentMode)
    USB_SetDevAddress                        0x0800431d   Thumb Code    14  stm32f1xx_ll_usb.o(.text.USB_SetDevAddress)
    USB_WritePMA                             0x0800432d   Thumb Code   134  stm32f1xx_ll_usb.o(.text.USB_WritePMA)
    UsageFault_Handler                       0x080043b5   Thumb Code     2  stm32f1xx_it.o(.text.UsageFault_Handler)
    main                                     0x080043b9   Thumb Code   606  main.o(.text.main)
    __scatterload_copy                       0x08004617   Thumb Code    14  handlers.o(i.__scatterload_copy)
    __scatterload_null                       0x08004625   Thumb Code     2  handlers.o(i.__scatterload_null)
    __scatterload_zeroinit                   0x08004627   Thumb Code    14  handlers.o(i.__scatterload_zeroinit)
    AHBPrescTable                            0x08004634   Data          16  system_stm32f1xx.o(.rodata.AHBPrescTable)
    APBPrescTable                            0x08004644   Data           8  system_stm32f1xx.o(.rodata.APBPrescTable)
    Region$$Table$$Base                      0x08004660   Number         0  anon$$obj.o(Region$$Table)
    Region$$Table$$Limit                     0x08004680   Number         0  anon$$obj.o(Region$$Table)
    uwTickFreq                               0x20000000   Data           1  stm32f1xx_hal.o(.data..L_MergedGlobals)
    uwTickPrio                               0x20000004   Data           4  stm32f1xx_hal.o(.data..L_MergedGlobals)
    FS_Desc                                  0x20000008   Data          28  usbd_desc.o(.data.FS_Desc)
    SystemCoreClock                          0x2000009c   Data           4  system_stm32f1xx.o(.data.SystemCoreClock)
    USBD_FS_DeviceDesc                       0x200000a0   Data          18  usbd_desc.o(.data.USBD_FS_DeviceDesc)
    USBD_HID                                 0x200000b4   Data          56  usbd_hid.o(.data.USBD_HID)
    USBD_LangIDDesc                          0x20000188   Data           4  usbd_desc.o(.data.USBD_LangIDDesc)
    USBD_StringSerial                        0x2000018c   Data          26  usbd_desc.o(.data.USBD_StringSerial)
    keyboard                                 0x200001a6   Data           9  main.o(.data.keyboard)
    Last_ADC_Value1                          0x200001b0   Data           4  main.o(.bss..L_MergedGlobals)
    ADC_Value                                0x200001b4   Data           4  main.o(.bss..L_MergedGlobals)
    mouseHID_t                               0x200001b8   Data           9  main.o(.bss..L_MergedGlobals)
    USBD_StrDesc                             0x200001c4   Data         512  usbd_desc.o(.bss.USBD_StrDesc)
    hUsbDeviceFS                             0x200003d8   Data         708  usb_device.o(.bss.hUsbDeviceFS)
    hadc1                                    0x2000069c   Data          48  adc.o(.bss.hadc1)
    hdma_adc1                                0x200006cc   Data          68  adc.o(.bss.hdma_adc1)
    hpcd_USB_FS                              0x20000710   Data         752  usbd_conf.o(.bss.hpcd_USB_FS)
    huart1                                   0x20000a00   Data          72  usart.o(.bss.huart1)
    uwTick                                   0x20000a48   Data           4  stm32f1xx_hal.o(.bss.uwTick)
    __initial_sp                             0x20001a50   Data           0  startup_stm32f103xb.o(STACK)



==============================================================================

Memory Map of the image

  Image Entry point : 0x080000ed

  Load Region LR_IROM1 (Base: 0x08000000, Size: 0x00004830, Max: 0x00010000, ABSOLUTE, COMPRESSED[0x00004788])

    Execution Region ER_IROM1 (Exec base: 0x08000000, Load base: 0x08000000, Size: 0x00004680, Max: 0x00010000, ABSOLUTE)

    Exec Addr    Load Addr    Size         Type   Attr      Idx    E Section Name        Object

    0x08000000   0x08000000   0x000000ec   Data   RO            3    RESET               startup_stm32f103xb.o
    0x080000ec   0x080000ec   0x00000000   Code   RO         1090  * .ARM.Collect$$$$00000000  mc_w.l(entry.o)
    0x080000ec   0x080000ec   0x00000004   Code   RO         1095    .ARM.Collect$$$$00000001  mc_w.l(entry2.o)
    0x080000f0   0x080000f0   0x00000004   Code   RO         1098    .ARM.Collect$$$$00000004  mc_w.l(entry5.o)
    0x080000f4   0x080000f4   0x00000000   Code   RO         1100    .ARM.Collect$$$$00000008  mc_w.l(entry7b.o)
    0x080000f4   0x080000f4   0x00000000   Code   RO         1102    .ARM.Collect$$$$0000000A  mc_w.l(entry8b.o)
    0x080000f4   0x080000f4   0x00000008   Code   RO         1103    .ARM.Collect$$$$0000000B  mc_w.l(entry9a.o)
    0x080000fc   0x080000fc   0x00000000   Code   RO         1105    .ARM.Collect$$$$0000000D  mc_w.l(entry10a.o)
    0x080000fc   0x080000fc   0x00000000   Code   RO         1107    .ARM.Collect$$$$0000000F  mc_w.l(entry11a.o)
    0x080000fc   0x080000fc   0x00000004   Code   RO         1096    .ARM.Collect$$$$00002712  mc_w.l(entry2.o)
    0x08000100   0x08000100   0x00000024   Code   RO            4    .text               startup_stm32f103xb.o
    0x08000124   0x08000124   0x00000024   Code   RO         1109    .text               mc_w.l(init.o)
    0x08000148   0x08000148   0x00000056   Code   RO         1119    .text               mc_w.l(__dczerorl2.o)
    0x0800019e   0x0800019e   0x00000002   PAD
    0x080001a0   0x080001a0   0x000000b6   Code   RO          636    .text.ADC_Enable    stm32f1xx_hal_adc.o
    0x08000256   0x08000256   0x00000002   PAD
    0x08000258   0x08000258   0x00000002   Code   RO           90    .text.BusFault_Handler  stm32f1xx_it.o
    0x0800025a   0x0800025a   0x00000002   PAD
    0x0800025c   0x0800025c   0x0000000c   Code   RO          102    .text.DMA1_Channel1_IRQHandler  stm32f1xx_it.o
    0x08000268   0x08000268   0x00000002   Code   RO           96    .text.DebugMon_Handler  stm32f1xx_it.o
    0x0800026a   0x0800026a   0x00000002   PAD
    0x0800026c   0x0800026c   0x0000000a   Code   RO           21    .text.Error_Handler  main.o
    0x08000276   0x08000276   0x00000002   PAD
    0x08000278   0x08000278   0x00000194   Code   RO          670    .text.HAL_ADC_ConfigChannel  stm32f1xx_hal_adc.o
    0x0800040c   0x0800040c   0x00000006   Code   RO          658    .text.HAL_ADC_GetValue  stm32f1xx_hal_adc.o
    0x08000412   0x08000412   0x00000002   PAD
    0x08000414   0x08000414   0x0000015c   Code   RO          624    .text.HAL_ADC_Init  stm32f1xx_hal_adc.o
    0x08000570   0x08000570   0x000000a2   Code   RO           46    .text.HAL_ADC_MspInit  adc.o
    0x08000612   0x08000612   0x00000002   PAD
    0x08000614   0x08000614   0x00000268   Code   RO          640    .text.HAL_ADC_PollForConversion  stm32f1xx_hal_adc.o
    0x0800087c   0x0800087c   0x000000cc   Code   RO          634    .text.HAL_ADC_Start  stm32f1xx_hal_adc.o
    0x08000948   0x08000948   0x000001a0   Code   RO          441    .text.HAL_DMA_IRQHandler  stm32f1xx_hal_dma.o
    0x08000ae8   0x08000ae8   0x00000088   Code   RO          427    .text.HAL_DMA_Init  stm32f1xx_hal_dma.o
    0x08000b70   0x08000b70   0x00000028   Code   RO          311    .text.HAL_Delay     stm32f1xx_hal.o
    0x08000b98   0x08000b98   0x00000212   Code   RO          403    .text.HAL_GPIO_Init  stm32f1xx_hal_gpio.o
    0x08000daa   0x08000daa   0x00000002   PAD
    0x08000dac   0x08000dac   0x0000000a   Code   RO          407    .text.HAL_GPIO_ReadPin  stm32f1xx_hal_gpio.o
    0x08000db6   0x08000db6   0x00000002   PAD
    0x08000db8   0x08000db8   0x0000000c   Code   RO          303    .text.HAL_GetTick   stm32f1xx_hal.o
    0x08000dc4   0x08000dc4   0x0000001a   Code   RO          301    .text.HAL_IncTick   stm32f1xx_hal.o
    0x08000dde   0x08000dde   0x00000002   PAD
    0x08000de0   0x08000de0   0x00000026   Code   RO          291    .text.HAL_Init      stm32f1xx_hal.o
    0x08000e06   0x08000e06   0x00000002   PAD
    0x08000e08   0x08000e08   0x00000048   Code   RO          293    .text.HAL_InitTick  stm32f1xx_hal.o
    0x08000e50   0x08000e50   0x00000032   Code   RO          113    .text.HAL_MspInit   stm32f1xx_hal_msp.o
    0x08000e82   0x08000e82   0x00000002   PAD
    0x08000e84   0x08000e84   0x00000020   Code   RO          463    .text.HAL_NVIC_EnableIRQ  stm32f1xx_hal_cortex.o
    0x08000ea4   0x08000ea4   0x00000056   Code   RO          461    .text.HAL_NVIC_SetPriority  stm32f1xx_hal_cortex.o
    0x08000efa   0x08000efa   0x00000002   PAD
    0x08000efc   0x08000efc   0x00000020   Code   RO          459    .text.HAL_NVIC_SetPriorityGrouping  stm32f1xx_hal_cortex.o
    0x08000f1c   0x08000f1c   0x0000003a   Code   RO          211    .text.HAL_PCDEx_PMAConfig  stm32f1xx_hal_pcd_ex.o
    0x08000f56   0x08000f56   0x00000002   PAD
    0x08000f58   0x08000f58   0x00000002   Code   RO          953    .text.HAL_PCDEx_SetConnectionState  usbd_conf.o
    0x08000f5a   0x08000f5a   0x00000002   PAD
    0x08000f5c   0x08000f5c   0x00000014   Code   RO          901    .text.HAL_PCD_DataInStageCallback  usbd_conf.o
    0x08000f70   0x08000f70   0x00000016   Code   RO          899    .text.HAL_PCD_DataOutStageCallback  usbd_conf.o
    0x08000f86   0x08000f86   0x00000002   PAD
    0x08000f88   0x08000f88   0x0000004c   Code   RO          181    .text.HAL_PCD_EP_Close  stm32f1xx_hal_pcd.o
    0x08000fd4   0x08000fd4   0x00000060   Code   RO          191    .text.HAL_PCD_EP_ClrStall  stm32f1xx_hal_pcd.o
    0x08001034   0x08001034   0x00000058   Code   RO          179    .text.HAL_PCD_EP_Open  stm32f1xx_hal_pcd.o
    0x0800108c   0x0800108c   0x00000032   Code   RO          183    .text.HAL_PCD_EP_Receive  stm32f1xx_hal_pcd.o
    0x080010be   0x080010be   0x00000002   PAD
    0x080010c0   0x080010c0   0x00000076   Code   RO          189    .text.HAL_PCD_EP_SetStall  stm32f1xx_hal_pcd.o
    0x08001136   0x08001136   0x00000002   PAD
    0x08001138   0x08001138   0x00000036   Code   RO          187    .text.HAL_PCD_EP_Transmit  stm32f1xx_hal_pcd.o
    0x0800116e   0x0800116e   0x00000002   PAD
    0x08001170   0x08001170   0x0000095e   Code   RO          147    .text.HAL_PCD_IRQHandler  stm32f1xx_hal_pcd.o
    0x08001ace   0x08001ace   0x00000002   PAD
    0x08001ad0   0x08001ad0   0x000000e8   Code   RO          135    .text.HAL_PCD_Init  stm32f1xx_hal_pcd.o
    0x08001bb8   0x08001bb8   0x00000046   Code   RO          893    .text.HAL_PCD_MspInit  usbd_conf.o
    0x08001bfe   0x08001bfe   0x00000002   PAD
    0x08001c00   0x08001c00   0x00000024   Code   RO          905    .text.HAL_PCD_ResetCallback  usbd_conf.o
    0x08001c24   0x08001c24   0x00000008   Code   RO          909    .text.HAL_PCD_ResumeCallback  usbd_conf.o
    0x08001c2c   0x08001c2c   0x00000008   Code   RO          903    .text.HAL_PCD_SOFCallback  usbd_conf.o
    0x08001c34   0x08001c34   0x00000028   Code   RO          151    .text.HAL_PCD_SetAddress  stm32f1xx_hal_pcd.o
    0x08001c5c   0x08001c5c   0x0000000e   Code   RO          897    .text.HAL_PCD_SetupStageCallback  usbd_conf.o
    0x08001c6a   0x08001c6a   0x00000002   PAD
    0x08001c6c   0x08001c6c   0x00000032   Code   RO          143    .text.HAL_PCD_Start  stm32f1xx_hal_pcd.o
    0x08001c9e   0x08001c9e   0x00000002   PAD
    0x08001ca0   0x08001ca0   0x00000026   Code   RO          907    .text.HAL_PCD_SuspendCallback  usbd_conf.o
    0x08001cc6   0x08001cc6   0x00000002   PAD
    0x08001cc8   0x08001cc8   0x000000f0   Code   RO          393    .text.HAL_RCCEx_GetPeriphCLKFreq  stm32f1xx_hal_rcc_ex.o
    0x08001db8   0x08001db8   0x0000010a   Code   RO          389    .text.HAL_RCCEx_PeriphCLKConfig  stm32f1xx_hal_rcc_ex.o
    0x08001ec2   0x08001ec2   0x00000002   PAD
    0x08001ec4   0x08001ec4   0x000001be   Code   RO          355    .text.HAL_RCC_ClockConfig  stm32f1xx_hal_rcc.o
    0x08002082   0x08002082   0x00000002   PAD
    0x08002084   0x08002084   0x00000026   Code   RO          367    .text.HAL_RCC_GetPCLK1Freq  stm32f1xx_hal_rcc.o
    0x080020aa   0x080020aa   0x00000002   PAD
    0x080020ac   0x080020ac   0x00000026   Code   RO          369    .text.HAL_RCC_GetPCLK2Freq  stm32f1xx_hal_rcc.o
    0x080020d2   0x080020d2   0x00000002   PAD
    0x080020d4   0x080020d4   0x000003b4   Code   RO          353    .text.HAL_RCC_OscConfig  stm32f1xx_hal_rcc.o
    0x08002488   0x08002488   0x0000002c   Code   RO          471    .text.HAL_SYSTICK_Config  stm32f1xx_hal_cortex.o
    0x080024b4   0x080024b4   0x000000de   Code   RO          722    .text.HAL_UART_Init  stm32f1xx_hal_uart.o
    0x08002592   0x08002592   0x00000002   PAD
    0x08002594   0x08002594   0x0000007a   Code   RO           71    .text.HAL_UART_MspInit  usart.o
    0x0800260e   0x0800260e   0x00000002   PAD
    0x08002610   0x08002610   0x00000002   Code   RO           86    .text.HardFault_Handler  stm32f1xx_it.o
    0x08002612   0x08002612   0x00000002   PAD
    0x08002614   0x08002614   0x00000058   Code   RO           44    .text.MX_ADC1_Init  adc.o
    0x0800266c   0x0800266c   0x00000034   Code   RO           60    .text.MX_DMA_Init   dma.o
    0x080026a0   0x080026a0   0x00000064   Code   RO           36    .text.MX_GPIO_Init  gpio.o
    0x08002704   0x08002704   0x0000003c   Code   RO           69    .text.MX_USART1_UART_Init  usart.o
    0x08002740   0x08002740   0x00000056   Code   RO          857    .text.MX_USB_DEVICE_Init  usb_device.o
    0x08002796   0x08002796   0x00000002   PAD
    0x08002798   0x08002798   0x00000002   Code   RO           88    .text.MemManage_Handler  stm32f1xx_it.o
    0x0800279a   0x0800279a   0x00000002   PAD
    0x0800279c   0x0800279c   0x00000002   Code   RO           84    .text.NMI_Handler   stm32f1xx_it.o
    0x0800279e   0x0800279e   0x00000002   PAD
    0x080027a0   0x080027a0   0x00000002   Code   RO           98    .text.PendSV_Handler  stm32f1xx_it.o
    0x080027a2   0x080027a2   0x00000002   PAD
    0x080027a4   0x080027a4   0x00000002   Code   RO           94    .text.SVC_Handler   stm32f1xx_it.o
    0x080027a6   0x080027a6   0x00000002   PAD
    0x080027a8   0x080027a8   0x00000004   Code   RO          100    .text.SysTick_Handler  stm32f1xx_it.o
    0x080027ac   0x080027ac   0x00000002   Code   RO          842    .text.SystemInit    system_stm32f1xx.o
    0x080027ae   0x080027ae   0x00000002   PAD
    0x080027b0   0x080027b0   0x0000000e   Code   RO          979    .text.USBD_ClrClassConfig  usbd_core.o
    0x080027be   0x080027be   0x00000002   PAD
    0x080027c0   0x080027c0   0x00000010   Code   RO         1040    .text.USBD_CtlContinueRx  usbd_ioreq.o
    0x080027d0   0x080027d0   0x00000010   Code   RO         1036    .text.USBD_CtlContinueSendData  usbd_ioreq.o
    0x080027e0   0x080027e0   0x00000016   Code   RO         1015    .text.USBD_CtlError  usbd_ctlreq.o
    0x080027f6   0x080027f6   0x00000002   PAD
    0x080027f8   0x080027f8   0x00000016   Code   RO         1044    .text.USBD_CtlReceiveStatus  usbd_ioreq.o
    0x0800280e   0x0800280e   0x00000002   PAD
    0x08002810   0x08002810   0x0000001a   Code   RO         1034    .text.USBD_CtlSendData  usbd_ioreq.o
    0x0800282a   0x0800282a   0x00000002   PAD
    0x0800282c   0x0800282c   0x00000016   Code   RO         1042    .text.USBD_CtlSendStatus  usbd_ioreq.o
    0x08002842   0x08002842   0x00000002   PAD
    0x08002844   0x08002844   0x00000024   Code   RO          876    .text.USBD_FS_ConfigStrDescriptor  usbd_desc.o
    0x08002868   0x08002868   0x0000000e   Code   RO          866    .text.USBD_FS_DeviceDescriptor  usbd_desc.o
    0x08002876   0x08002876   0x00000002   PAD
    0x08002878   0x08002878   0x00000028   Code   RO          878    .text.USBD_FS_InterfaceStrDescriptor  usbd_desc.o
    0x080028a0   0x080028a0   0x0000000e   Code   RO          868    .text.USBD_FS_LangIDStrDescriptor  usbd_desc.o
    0x080028ae   0x080028ae   0x00000002   PAD
    0x080028b0   0x080028b0   0x0000002c   Code   RO          870    .text.USBD_FS_ManufacturerStrDescriptor  usbd_desc.o
    0x080028dc   0x080028dc   0x00000030   Code   RO          872    .text.USBD_FS_ProductStrDescriptor  usbd_desc.o
    0x0800290c   0x0800290c   0x0000016c   Code   RO          874    .text.USBD_FS_SerialStrDescriptor  usbd_desc.o
    0x08002a78   0x08002a78   0x000000da   Code   RO         1023    .text.USBD_GetString  usbd_ctlreq.o
    0x08002b52   0x08002b52   0x00000002   PAD
    0x08002b54   0x08002b54   0x0000000c   Code   RO         1062    .text.USBD_HID_DataIn  usbd_hid.o
    0x08002b60   0x08002b60   0x00000020   Code   RO         1058    .text.USBD_HID_DeInit  usbd_hid.o
    0x08002b80   0x08002b80   0x00000010   Code   RO         1070    .text.USBD_HID_GetDeviceQualifierDesc  usbd_hid.o
    0x08002b90   0x08002b90   0x00000010   Code   RO         1066    .text.USBD_HID_GetFSCfgDesc  usbd_hid.o
    0x08002ba0   0x08002ba0   0x00000010   Code   RO         1064    .text.USBD_HID_GetHSCfgDesc  usbd_hid.o
    0x08002bb0   0x08002bb0   0x00000010   Code   RO         1068    .text.USBD_HID_GetOtherSpeedCfgDesc  usbd_hid.o
    0x08002bc0   0x08002bc0   0x0000002a   Code   RO         1056    .text.USBD_HID_Init  usbd_hid.o
    0x08002bea   0x08002bea   0x00000002   PAD
    0x08002bec   0x08002bec   0x0000002c   Code   RO         1072    .text.USBD_HID_SendReport  usbd_hid.o
    0x08002c18   0x08002c18   0x00000102   Code   RO         1060    .text.USBD_HID_Setup  usbd_hid.o
    0x08002d1a   0x08002d1a   0x00000002   PAD
    0x08002d1c   0x08002d1c   0x00000030   Code   RO          965    .text.USBD_Init     usbd_core.o
    0x08002d4c   0x08002d4c   0x00000022   Code   RO          935    .text.USBD_LL_ClearStallEP  usbd_conf.o
    0x08002d6e   0x08002d6e   0x00000002   PAD
    0x08002d70   0x08002d70   0x00000022   Code   RO          929    .text.USBD_LL_CloseEP  usbd_conf.o
    0x08002d92   0x08002d92   0x00000002   PAD
    0x08002d94   0x08002d94   0x000000ca   Code   RO          985    .text.USBD_LL_DataInStage  usbd_core.o
    0x08002e5e   0x08002e5e   0x00000002   PAD
    0x08002e60   0x08002e60   0x0000008a   Code   RO          983    .text.USBD_LL_DataOutStage  usbd_core.o
    0x08002eea   0x08002eea   0x00000002   PAD
    0x08002eec   0x08002eec   0x00000068   Code   RO          919    .text.USBD_LL_Init  usbd_conf.o
    0x08002f54   0x08002f54   0x00000020   Code   RO          937    .text.USBD_LL_IsStallEP  usbd_conf.o
    0x08002f74   0x08002f74   0x00000028   Code   RO          927    .text.USBD_LL_OpenEP  usbd_conf.o
    0x08002f9c   0x08002f9c   0x00000022   Code   RO          943    .text.USBD_LL_PrepareReceive  usbd_conf.o
    0x08002fbe   0x08002fbe   0x00000002   PAD
    0x08002fc0   0x08002fc0   0x00000054   Code   RO          987    .text.USBD_LL_Reset  usbd_core.o
    0x08003014   0x08003014   0x00000014   Code   RO          993    .text.USBD_LL_Resume  usbd_core.o
    0x08003028   0x08003028   0x0000001a   Code   RO          995    .text.USBD_LL_SOF   usbd_core.o
    0x08003042   0x08003042   0x00000002   PAD
    0x08003044   0x08003044   0x00000008   Code   RO          989    .text.USBD_LL_SetSpeed  usbd_core.o
    0x0800304c   0x0800304c   0x00000022   Code   RO          939    .text.USBD_LL_SetUSBAddress  usbd_conf.o
    0x0800306e   0x0800306e   0x00000002   PAD
    0x08003070   0x08003070   0x00000062   Code   RO          981    .text.USBD_LL_SetupStage  usbd_core.o
    0x080030d2   0x080030d2   0x00000002   PAD
    0x080030d4   0x080030d4   0x00000022   Code   RO          933    .text.USBD_LL_StallEP  usbd_conf.o
    0x080030f6   0x080030f6   0x00000002   PAD
    0x080030f8   0x080030f8   0x00000022   Code   RO          923    .text.USBD_LL_Start  usbd_conf.o
    0x0800311a   0x0800311a   0x00000002   PAD
    0x0800311c   0x0800311c   0x00000014   Code   RO          991    .text.USBD_LL_Suspend  usbd_core.o
    0x08003130   0x08003130   0x00000022   Code   RO          941    .text.USBD_LL_Transmit  usbd_conf.o
    0x08003152   0x08003152   0x00000002   PAD
    0x08003154   0x08003154   0x00000016   Code   RO         1021    .text.USBD_ParseSetupRequest  usbd_ctlreq.o
    0x0800316a   0x0800316a   0x00000002   PAD
    0x0800316c   0x0800316c   0x0000000e   Code   RO          969    .text.USBD_RegisterClass  usbd_core.o
    0x0800317a   0x0800317a   0x00000002   PAD
    0x0800317c   0x0800317c   0x0000001c   Code   RO          977    .text.USBD_SetClassConfig  usbd_core.o
    0x08003198   0x08003198   0x0000000a   Code   RO          971    .text.USBD_Start    usbd_core.o
    0x080031a2   0x080031a2   0x00000002   PAD
    0x080031a4   0x080031a4   0x000002ca   Code   RO         1013    .text.USBD_StdDevReq  usbd_ctlreq.o
    0x0800346e   0x0800346e   0x00000002   PAD
    0x08003470   0x08003470   0x0000014a   Code   RO         1019    .text.USBD_StdEPReq  usbd_ctlreq.o
    0x080035ba   0x080035ba   0x00000002   PAD
    0x080035bc   0x080035bc   0x00000076   Code   RO         1017    .text.USBD_StdItfReq  usbd_ctlreq.o
    0x08003632   0x08003632   0x00000002   PAD
    0x08003634   0x08003634   0x00000002   Code   RO          951    .text.USBD_static_free  usbd_conf.o
    0x08003636   0x08003636   0x00000002   PAD
    0x08003638   0x08003638   0x0000000a   Code   RO          949    .text.USBD_static_malloc  usbd_conf.o
    0x08003642   0x08003642   0x00000002   PAD
    0x08003644   0x08003644   0x00000254   Code   RO          241    .text.USB_ActivateEndpoint  stm32f1xx_ll_usb.o
    0x08003898   0x08003898   0x00000004   Code   RO          227    .text.USB_CoreInit  stm32f1xx_ll_usb.o
    0x0800389c   0x0800389c   0x000000e2   Code   RO          243    .text.USB_DeactivateEndpoint  stm32f1xx_ll_usb.o
    0x0800397e   0x0800397e   0x00000002   PAD
    0x08003980   0x08003980   0x00000004   Code   RO          259    .text.USB_DevConnect  stm32f1xx_ll_usb.o
    0x08003984   0x08003984   0x00000004   Code   RO          261    .text.USB_DevDisconnect  stm32f1xx_ll_usb.o
    0x08003988   0x08003988   0x0000001a   Code   RO          235    .text.USB_DevInit   stm32f1xx_ll_usb.o
    0x080039a2   0x080039a2   0x00000002   PAD
    0x080039a4   0x080039a4   0x00000014   Code   RO          231    .text.USB_DisableGlobalInt  stm32f1xx_ll_usb.o
    0x080039b8   0x080039b8   0x00000004   Code   RO          275    .text.USB_EP0_OutStart  stm32f1xx_ll_usb.o
    0x080039bc   0x080039bc   0x0000007c   Code   RO          251    .text.USB_EPClearStall  stm32f1xx_ll_usb.o
    0x08003a38   0x08003a38   0x00000032   Code   RO          249    .text.USB_EPSetStall  stm32f1xx_ll_usb.o
    0x08003a6a   0x08003a6a   0x00000002   PAD
    0x08003a6c   0x08003a6c   0x000007e2   Code   RO          245    .text.USB_EPStartXfer  stm32f1xx_ll_usb.o
    0x0800424e   0x0800424e   0x00000002   PAD
    0x08004250   0x08004250   0x00000014   Code   RO          229    .text.USB_EnableGlobalInt  stm32f1xx_ll_usb.o
    0x08004264   0x08004264   0x0000000c   Code   RO          104    .text.USB_LP_CAN1_RX0_IRQHandler  stm32f1xx_it.o
    0x08004270   0x08004270   0x00000006   Code   RO          263    .text.USB_ReadInterrupts  stm32f1xx_ll_usb.o
    0x08004276   0x08004276   0x00000002   PAD
    0x08004278   0x08004278   0x000000a0   Code   RO          281    .text.USB_ReadPMA   stm32f1xx_ll_usb.o
    0x08004318   0x08004318   0x00000004   Code   RO          233    .text.USB_SetCurrentMode  stm32f1xx_ll_usb.o
    0x0800431c   0x0800431c   0x0000000e   Code   RO          257    .text.USB_SetDevAddress  stm32f1xx_ll_usb.o
    0x0800432a   0x0800432a   0x00000002   PAD
    0x0800432c   0x0800432c   0x00000086   Code   RO          247    .text.USB_WritePMA  stm32f1xx_ll_usb.o
    0x080043b2   0x080043b2   0x00000002   PAD
    0x080043b4   0x080043b4   0x00000002   Code   RO           92    .text.UsageFault_Handler  stm32f1xx_it.o
    0x080043b6   0x080043b6   0x00000002   PAD
    0x080043b8   0x080043b8   0x0000025e   Code   RO           17    .text.main          main.o
    0x08004616   0x08004616   0x0000000e   Code   RO         1113    i.__scatterload_copy  mc_w.l(handlers.o)
    0x08004624   0x08004624   0x00000002   Code   RO         1114    i.__scatterload_null  mc_w.l(handlers.o)
    0x08004626   0x08004626   0x0000000e   Code   RO         1115    i.__scatterload_zeroinit  mc_w.l(handlers.o)
    0x08004634   0x08004634   0x00000010   Data   RO          847    .rodata.AHBPrescTable  system_stm32f1xx.o
    0x08004644   0x08004644   0x00000008   Data   RO          848    .rodata.APBPrescTable  system_stm32f1xx.o
    0x0800464c   0x0800464c   0x00000002   Data   RO          380    .rodata.HAL_RCC_GetSysClockFreq.aPredivFactorTable  stm32f1xx_hal_rcc.o
    0x0800464e   0x0800464e   0x00000010   Data   RO          379    .rodata.cst16       stm32f1xx_hal_rcc.o
    0x0800465e   0x0800465e   0x00000002   PAD
    0x08004660   0x08004660   0x00000020   Data   RO         1112    Region$$Table       anon$$obj.o


    Execution Region RW_IRAM1 (Exec base: 0x20000000, Load base: 0x08004680, Size: 0x00001a50, Max: 0x00005000, ABSOLUTE, COMPRESSED[0x00000108])

    Exec Addr    Load Addr    Size         Type   Attr      Idx    E Section Name        Object

    0x20000000   COMPRESSED   0x00000008   Data   RW          342    .data..L_MergedGlobals  stm32f1xx_hal.o
    0x20000008   COMPRESSED   0x0000001c   Data   RW          880    .data.FS_Desc       usbd_desc.o
    0x20000024   COMPRESSED   0x00000075   Data   RW         1077    .data.HID_MOUSE_ReportDesc  usbd_hid.o
    0x20000099   COMPRESSED   0x00000003   PAD
    0x2000009c   COMPRESSED   0x00000004   Data   RW          846    .data.SystemCoreClock  system_stm32f1xx.o
    0x200000a0   COMPRESSED   0x00000012   Data   RW          881    .data.USBD_FS_DeviceDesc  usbd_desc.o
    0x200000b2   COMPRESSED   0x00000002   PAD
    0x200000b4   COMPRESSED   0x00000038   Data   RW         1076    .data.USBD_HID      usbd_hid.o
    0x200000ec   COMPRESSED   0x00000029   Data   RW         1079    .data.USBD_HID_CfgFSDesc  usbd_hid.o
    0x20000115   COMPRESSED   0x00000003   PAD
    0x20000118   COMPRESSED   0x00000029   Data   RW         1080    .data.USBD_HID_CfgHSDesc  usbd_hid.o
    0x20000141   COMPRESSED   0x00000003   PAD
    0x20000144   COMPRESSED   0x00000009   Data   RW         1078    .data.USBD_HID_Desc  usbd_hid.o
    0x2000014d   COMPRESSED   0x00000003   PAD
    0x20000150   COMPRESSED   0x0000000a   Data   RW         1082    .data.USBD_HID_DeviceQualifierDesc  usbd_hid.o
    0x2000015a   COMPRESSED   0x00000002   PAD
    0x2000015c   COMPRESSED   0x00000029   Data   RW         1081    .data.USBD_HID_OtherSpeedCfgDesc  usbd_hid.o
    0x20000185   COMPRESSED   0x00000003   PAD
    0x20000188   COMPRESSED   0x00000004   Data   RW          882    .data.USBD_LangIDDesc  usbd_desc.o
    0x2000018c   COMPRESSED   0x0000001a   Data   RW          883    .data.USBD_StringSerial  usbd_desc.o
    0x200001a6   COMPRESSED   0x00000009   Data   RW           24    .data.keyboard      main.o
    0x200001af   COMPRESSED   0x00000001   PAD
    0x200001b0        -       0x00000011   Zero   RW           27    .bss..L_MergedGlobals  main.o
    0x200001c1        -       0x00000001   Zero   RW         1025    .bss.USBD_SetConfig.cfgidx  usbd_ctlreq.o
    0x200001c2   COMPRESSED   0x00000002   PAD
    0x200001c4        -       0x00000200   Zero   RW          884    .bss.USBD_StrDesc   usbd_desc.o
    0x200003c4        -       0x00000014   Zero   RW          956    .bss.USBD_static_malloc.mem  usbd_conf.o
    0x200003d8        -       0x000002c4   Zero   RW          859    .bss.hUsbDeviceFS   usb_device.o
    0x2000069c        -       0x00000030   Zero   RW           50    .bss.hadc1          adc.o
    0x200006cc        -       0x00000044   Zero   RW           51    .bss.hdma_adc1      adc.o
    0x20000710        -       0x000002f0   Zero   RW          955    .bss.hpcd_USB_FS    usbd_conf.o
    0x20000a00        -       0x00000048   Zero   RW           75    .bss.huart1         usart.o
    0x20000a48        -       0x00000004   Zero   RW          341    .bss.uwTick         stm32f1xx_hal.o
    0x20000a4c   COMPRESSED   0x00000004   PAD
    0x20000a50        -       0x00001000   Zero   RW            1    STACK               startup_stm32f103xb.o


==============================================================================

Image component sizes


      Code (inc. data)   RO Data    RW Data    ZI Data      Debug   Object Name

       250          0          0          0        116       4112   adc.o
        52          0          0          0          0       2145   dma.o
       100          0          0          0          0       1350   gpio.o
       616          0          0          9         17       5028   main.o
        36          8        236          0       4096        764   startup_stm32f103xb.o
       188          0          0          8          4       5719   stm32f1xx_hal.o
      1760          0          0          0          0      13132   stm32f1xx_hal_adc.o
       194          0          0          0          0       8445   stm32f1xx_hal_cortex.o
       552          0          0          0          0       8398   stm32f1xx_hal_dma.o
       540         22          0          0          0       4586   stm32f1xx_hal_gpio.o
        50          0          0          0          0        913   stm32f1xx_hal_msp.o
      3202          0          0          0          0      16588   stm32f1xx_hal_pcd.o
        58          0          0          0          0       4022   stm32f1xx_hal_pcd_ex.o
      1470          0         18          0          0       7628   stm32f1xx_hal_rcc.o
       506         20          0          0          0       3550   stm32f1xx_hal_rcc_ex.o
       222          0          0          0          0      32525   stm32f1xx_hal_uart.o
        44          0          0          0          0       4779   stm32f1xx_it.o
      3414          4          0          0          0      21975   stm32f1xx_ll_usb.o
         2          0         24          4          0       1599   system_stm32f1xx.o
       182          0          0          0         72       4274   usart.o
        86          0          0          0        708       2876   usb_device.o
       644          0          0          0        772      16051   usbd_conf.o
       710          0          0          0          0       7488   usbd_core.o
      1424         38          0          0          1       8271   usbd_ctlreq.o
       560         72          0         76        512       4096   usbd_desc.o
       452         24          0        315          0       7037   usbd_hid.o
       102          0          0          0          0       4375   usbd_ioreq.o

    ----------------------------------------------------------------------
     17562        188        312        432       6304     201726   Object Totals
         0          0         32          0          0          0   (incl. Generated)
       146          0          2         20          6          0   (incl. Padding)

    ----------------------------------------------------------------------

      Code (inc. data)   RO Data    RW Data    ZI Data      Debug   Library Member Name

        86          0          0          0          0          0   __dczerorl2.o
         0          0          0          0          0          0   entry.o
         0          0          0          0          0          0   entry10a.o
         0          0          0          0          0          0   entry11a.o
         8          4          0          0          0          0   entry2.o
         4          0          0          0          0          0   entry5.o
         0          0          0          0          0          0   entry7b.o
         0          0          0          0          0          0   entry8b.o
         8          4          0          0          0          0   entry9a.o
        30          0          0          0          0          0   handlers.o
        36          8          0          0          0         68   init.o

    ----------------------------------------------------------------------
       174         16          0          0          0         68   Library Totals
         2          0          0          0          0          0   (incl. Padding)

    ----------------------------------------------------------------------

      Code (inc. data)   RO Data    RW Data    ZI Data      Debug   Library Name

       172         16          0          0          0         68   mc_w.l

    ----------------------------------------------------------------------
       174         16          0          0          0         68   Library Totals

    ----------------------------------------------------------------------

==============================================================================


      Code (inc. data)   RO Data    RW Data    ZI Data      Debug   

     17736        204        312        432       6304     201526   Grand Totals
     17736        204        312        264       6304     201526   ELF Image Totals (compressed)
     17736        204        312        264          0          0   ROM Totals

==============================================================================

    Total RO  Size (Code + RO Data)                18048 (  17.62kB)
    Total RW  Size (RW Data + ZI Data)              6736 (   6.58kB)
    Total ROM Size (Code + RO Data + RW Data)      18312 (  17.88kB)

==============================================================================

