<html>
<body>
<pre>
<h1>µVision Build Log</h1>
<h2>Tool Versions:</h2>
IDE-Version: ¦ÌVision V5.37.0.0
Copyright (C) 2022 ARM Ltd and ARM Germany GmbH. All rights reserved.
License Information: SAS 1369225864@qq.com, ASAA, LIC=WHYH9-4L7U4-LQZ0Q-NWWTW-JUCX6-7X4QV
 
Tool Versions:
Toolchain:       MDK-ARM Plus  Version: 5.37.0.0
Toolchain Path:  D:\Keil_v5\ARM\ARMCLANG\Bin
C Compiler:      ArmClang.exe V6.18
Assembler:       Armasm.exe V6.18
Linker/Locator:  ArmLink.exe V6.18
Library Manager: ArmAr.exe V6.18
Hex Converter:   FromElf.exe V6.18
CPU DLL:         SARMCM3.DLL V5.37.0.0
Dialog DLL:      DCM.DLL V1.17.5.0
Target DLL:      STLink\ST-LINKIII-KEIL_SWO.dll V3.0.9.0
Dialog DLL:      TCM.DLL V1.56.1.0
 
<h2>Project:</h2>
d:\github\Embedded\MDK-ARM\usb_test.uvprojx
Project File Date:  07/02/2023

<h2>Output:</h2>
*** Using Compiler 'V6.18', folder: 'D:\Keil_v5\ARM\ARMCLANG\Bin'
Rebuild target 'usb_test'
../Core/Src/main.c(141): warning: non-void function does not return a value [-Wreturn-type]
}
^
../Core/Src/main.c(252): warning: implicit declaration of function 'USBD_HID_SendReport' is invalid in C99 [-Wimplicit-function-declaration]
                USBD_HID_SendReport(&hUsbDeviceFS, (uint8_t *)&keyboard, sizeof(struct HID_t));
                ^
2 warnings generated.
compiling main.c...
compiling gpio.c...
compiling stm32f1xx_hal_gpio_ex.c...
compiling dma.c...
compiling stm32f1xx_hal_gpio.c...
compiling stm32f1xx_hal.c...
assembling startup_stm32f103xb.s...
compiling stm32f1xx_hal_msp.c...
compiling stm32f1xx_hal_rcc_ex.c...
compiling stm32f1xx_it.c...
compiling stm32f1xx_hal_pcd_ex.c...
compiling usart.c...
compiling adc.c...
compiling stm32f1xx_hal_rcc.c...
compiling stm32f1xx_hal_dma.c...
compiling stm32f1xx_ll_usb.c...
compiling stm32f1xx_hal_cortex.c...
compiling stm32f1xx_hal_pwr.c...
compiling stm32f1xx_hal_pcd.c...
compiling stm32f1xx_hal_flash.c...
compiling stm32f1xx_hal_tim.c...
compiling stm32f1xx_hal_exti.c...
compiling usbd_desc.c...
compiling stm32f1xx_hal_tim_ex.c...
compiling stm32f1xx_hal_flash_ex.c...
compiling system_stm32f1xx.c...
compiling usb_device.c...
compiling stm32f1xx_hal_adc_ex.c...
compiling usbd_ioreq.c...
compiling usbd_core.c...
compiling usbd_conf.c...
compiling usbd_hid.c...
compiling usbd_ctlreq.c...
compiling stm32f1xx_hal_adc.c...
compiling stm32f1xx_hal_uart.c...
linking...
Program Size: Code=17736 RO-data=312 RW-data=432 ZI-data=6304  
FromELF: creating hex file...
"usb_test\usb_test.axf" - 0 Error(s), 2 Warning(s).

<h2>Software Packages used:</h2>

Package Vendor: ARM
                http://www.keil.com/pack/ARM.CMSIS.5.9.0.pack
                ARM.CMSIS.5.9.0
                CMSIS (Common Microcontroller Software Interface Standard)
   * Component: CORE Version: 5.6.0

Package Vendor: Keil
                http://www.keil.com/pack/Keil.STM32F1xx_DFP.2.4.0.pack
                Keil.STM32F1xx_DFP.2.4.0
                STMicroelectronics STM32F1 Series Device Support, Drivers and Examples

<h2>Collection of Component include folders:</h2>
  ./RTE/_usb_test
  C:/Users/13692/AppData/Local/Arm/Packs/ARM/CMSIS/5.9.0/CMSIS/Core/Include
  C:/Users/13692/AppData/Local/Arm/Packs/Keil/STM32F1xx_DFP/2.4.0/Device/Include

<h2>Collection of Component Files used:</h2>

   * Component: ARM::CMSIS:CORE:5.6.0
      Include file:  CMSIS/Core/Include/tz_context.h
Build Time Elapsed:  00:00:02
</pre>
</body>
</html>
